21:04:56 **** Build of configuration Debug for project iic_test ****
make all 
Building file: ../src/mpu6500/AHRS_Hardware.c
Invoking: MicroBlaze gcc compiler
mb-gcc -Wall -O0 -g3 -c -fmessage-length=0 -MT"src/mpu6500/AHRS_Hardware.o" -I../../standalone_bsp_0/microblaze_0/include -mlittle-endian -mcpu=v10.0 -mxl-soft-mul -Wl,--no-relax -ffunction-sections -fdata-sections -MMD -MP -MF"src/mpu6500/AHRS_Hardware.d" -MT"src/mpu6500/AHRS_Hardware.o" -o "src/mpu6500/AHRS_Hardware.o" "../src/mpu6500/AHRS_Hardware.c"
Finished building: ../src/mpu6500/AHRS_Hardware.c
 
Building file: ../src/mpu6500/MahonyAHRS.c
Invoking: MicroBlaze gcc compiler
mb-gcc -Wall -O0 -g3 -c -fmessage-length=0 -MT"src/mpu6500/MahonyAHRS.o" -I../../standalone_bsp_0/microblaze_0/include -mlittle-endian -mcpu=v10.0 -mxl-soft-mul -Wl,--no-relax -ffunction-sections -fdata-sections -MMD -MP -MF"src/mpu6500/MahonyAHRS.d" -MT"src/mpu6500/MahonyAHRS.o" -o "src/mpu6500/MahonyAHRS.o" "../src/mpu6500/MahonyAHRS.c"
Finished building: ../src/mpu6500/MahonyAHRS.c
 
Building file: ../src/mpu6500/mpu6500.c
Invoking: MicroBlaze gcc compiler
mb-gcc -Wall -O0 -g3 -c -fmessage-length=0 -MT"src/mpu6500/mpu6500.o" -I../../standalone_bsp_0/microblaze_0/include -mlittle-endian -mcpu=v10.0 -mxl-soft-mul -Wl,--no-relax -ffunction-sections -fdata-sections -MMD -MP -MF"src/mpu6500/mpu6500.d" -MT"src/mpu6500/mpu6500.o" -o "src/mpu6500/mpu6500.o" "../src/mpu6500/mpu6500.c"
Finished building: ../src/mpu6500/mpu6500.c
 
Building file: ../src/iic_my/iic_my.c
Invoking: MicroBlaze gcc compiler
mb-gcc -Wall -O0 -g3 -c -fmessage-length=0 -MT"src/iic_my/iic_my.o" -I../../standalone_bsp_0/microblaze_0/include -mlittle-endian -mcpu=v10.0 -mxl-soft-mul -Wl,--no-relax -ffunction-sections -fdata-sections -MMD -MP -MF"src/iic_my/iic_my.d" -MT"src/iic_my/iic_my.o" -o "src/iic_my/iic_my.o" "../src/iic_my/iic_my.c"
Finished building: ../src/iic_my/iic_my.c
 
Building file: ../src/camera/camera.c
Invoking: MicroBlaze gcc compiler
mb-gcc -Wall -O0 -g3 -c -fmessage-length=0 -MT"src/camera/camera.o" -I../../standalone_bsp_0/microblaze_0/include -mlittle-endian -mcpu=v10.0 -mxl-soft-mul -Wl,--no-relax -ffunction-sections -fdata-sections -MMD -MP -MF"src/camera/camera.d" -MT"src/camera/camera.o" -o "src/camera/camera.o" "../src/camera/camera.c"
../src/camera/camera.c:11:23: warning: 'sensor_ov7725_init_data' defined but not used [-Wunused-variable]
 static struct reginfo sensor_ov7725_init_data[] =
                       ^~~~~~~~~~~~~~~~~~~~~~~
Finished building: ../src/camera/camera.c
 
Building file: ../src/helloworld.c
Invoking: MicroBlaze gcc compiler
mb-gcc -Wall -O0 -g3 -c -fmessage-length=0 -MT"src/helloworld.o" -I../../standalone_bsp_0/microblaze_0/include -mlittle-endian -mcpu=v10.0 -mxl-soft-mul -Wl,--no-relax -ffunction-sections -fdata-sections -MMD -MP -MF"src/helloworld.d" -MT"src/helloworld.o" -o "src/helloworld.o" "../src/helloworld.c"
Finished building: ../src/helloworld.c
 
Building file: ../src/platform.c
Invoking: MicroBlaze gcc compiler
mb-gcc -Wall -O0 -g3 -c -fmessage-length=0 -MT"src/platform.o" -I../../standalone_bsp_0/microblaze_0/include -mlittle-endian -mcpu=v10.0 -mxl-soft-mul -Wl,--no-relax -ffunction-sections -fdata-sections -MMD -MP -MF"src/platform.d" -MT"src/platform.o" -o "src/platform.o" "../src/platform.c"
Finished building: ../src/platform.c
 
Building target: iic_test.elf
Invoking: MicroBlaze gcc linker
mb-gcc -Wl,-T -Wl,../src/lscript.ld -L../../standalone_bsp_0/microblaze_0/lib -mlittle-endian -mcpu=v10.0 -mxl-soft-mul -Wl,--no-relax -Wl,--gc-sections -o "iic_test.elf"  ./src/mpu6500/AHRS_Hardware.o ./src/mpu6500/MahonyAHRS.o ./src/mpu6500/mpu6500.o  ./src/iic_my/iic_my.o  ./src/camera/camera.o  ./src/helloworld.o ./src/platform.o   -lm -Wl,--start-group,-lxil,-lgcc,-lc,--end-group
Finished building target: iic_test.elf
 
Invoking: MicroBlaze Print Size
mb-size iic_test.elf  |tee "iic_test.elf.size"
   text	   data	    bss	    dec	    hex	filename
  69656	   1440	   4000	  75096	  12558	iic_test.elf
Finished building: iic_test.elf.size
 

21:04:59 Build Finished (took 2s.876ms)

