#-----------------------------------------------------------
# Vivado v2018.2 (64-bit)
# SW Build 2258646 on Thu Jun 14 20:03:12 MDT 2018
# IP Build 2256618 on Thu Jun 14 22:10:49 MDT 2018
# Start of session at: Wed Dec 26 17:52:14 2018
# Process ID: 11372
# Current directory: C:/MyFiles/PYNQ_Ball_and_Plate_Sysyem/vivado_proj/ZYNQ_4
# Command line: vivado.exe -gui_launcher_event rodinguilauncherevent8788 C:\MyFiles\PYNQ_Ball_and_Plate_Sysyem\vivado_proj\ZYNQ_4\OV_VDMA.xpr
# Log file: C:/MyFiles/PYNQ_Ball_and_Plate_Sysyem/vivado_proj/ZYNQ_4/vivado.log
# Journal file: C:/MyFiles/PYNQ_Ball_and_Plate_Sysyem/vivado_proj/ZYNQ_4\vivado.jou
#-----------------------------------------------------------
start_gui
open_project C:/MyFiles/PYNQ_Ball_and_Plate_Sysyem/vivado_proj/ZYNQ_4/OV_VDMA.xpr
update_compile_order -fileset sources_1
open_bd_design {C:/MyFiles/PYNQ_Ball_and_Plate_Sysyem/vivado_proj/ZYNQ_4/OV_VDMA.srcs/sources_1/bd/system/system.bd}
report_ip_status -name ip_status 
ipx::edit_ip_in_project -upgrade true -name alinx_ov5640_v5_4_project -directory C:/MyFiles/PYNQ_Ball_and_Plate_Sysyem/vivado_proj/ZYNQ_4/OV_VDMA.tmp/alinx_ov5640_v5_4_project c:/Users/admin/Downloads/BaiduDownload/ov5640_single/repo/alinx/ov5640_ip/component.xml
update_compile_order -fileset sources_1
synth_design -rtl -name rtl_1
close_project
