16:51:26 **** Build of project standalone_bsp_0 ****
make -k all 
"Running Make include in ps7_cortexa9_0/libsrc/coresightps_dcc_v1_4/src"
make -C ps7_cortexa9_0/libsrc/coresightps_dcc_v1_4/src -s include  "SHELL=CMD" "COMPILER=arm-none-eabi-gcc" "ARCHIVER=arm-none-eabi-ar" "COMPILER_FLAGS=  -O2 -c" "EXTRA_COMPILER_FLAGS=-mcpu=cortex-a9 -mfpu=vfpv3 -mfloat-abi=hard -nostartfiles -g -Wall -Wextra"
"Running Make include in ps7_cortexa9_0/libsrc/cpu_cortexa9_v2_6/src"
make -C ps7_cortexa9_0/libsrc/cpu_cortexa9_v2_6/src -s include  "SHELL=CMD" "COMPILER=arm-none-eabi-gcc" "ARCHIVER=arm-none-eabi-ar" "COMPILER_FLAGS=  -O2 -c" "EXTRA_COMPILER_FLAGS=-mcpu=cortex-a9 -mfpu=vfpv3 -mfloat-abi=hard -nostartfiles -g -Wall -Wextra"
"Running Make include in ps7_cortexa9_0/libsrc/ddrps_v1_0/src"
make -C ps7_cortexa9_0/libsrc/ddrps_v1_0/src -s include  "SHELL=CMD" "COMPILER=arm-none-eabi-gcc" "ARCHIVER=arm-none-eabi-ar" "COMPILER_FLAGS=  -O2 -c" "EXTRA_COMPILER_FLAGS=-mcpu=cortex-a9 -mfpu=vfpv3 -mfloat-abi=hard -nostartfiles -g -Wall -Wextra"
"Running Make include in ps7_cortexa9_0/libsrc/devcfg_v3_5/src"
make -C ps7_cortexa9_0/libsrc/devcfg_v3_5/src -s include  "SHELL=CMD" "COMPILER=arm-none-eabi-gcc" "ARCHIVER=arm-none-eabi-ar" "COMPILER_FLAGS=  -O2 -c" "EXTRA_COMPILER_FLAGS=-mcpu=cortex-a9 -mfpu=vfpv3 -mfloat-abi=hard -nostartfiles -g -Wall -Wextra"
"Running Make include in ps7_cortexa9_0/libsrc/dmaps_v2_3/src"
make -C ps7_cortexa9_0/libsrc/dmaps_v2_3/src -s include  "SHELL=CMD" "COMPILER=arm-none-eabi-gcc" "ARCHIVER=arm-none-eabi-ar" "COMPILER_FLAGS=  -O2 -c" "EXTRA_COMPILER_FLAGS=-mcpu=cortex-a9 -mfpu=vfpv3 -mfloat-abi=hard -nostartfiles -g -Wall -Wextra"
"Running Make include in ps7_cortexa9_0/libsrc/emacps_v3_7/src"
make -C ps7_cortexa9_0/libsrc/emacps_v3_7/src -s include  "SHELL=CMD" "COMPILER=arm-none-eabi-gcc" "ARCHIVER=arm-none-eabi-ar" "COMPILER_FLAGS=  -O2 -c" "EXTRA_COMPILER_FLAGS=-mcpu=cortex-a9 -mfpu=vfpv3 -mfloat-abi=hard -nostartfiles -g -Wall -Wextra"
"Running Make include in ps7_cortexa9_0/libsrc/gpiops_v3_3/src"
make -C ps7_cortexa9_0/libsrc/gpiops_v3_3/src -s include  "SHELL=CMD" "COMPILER=arm-none-eabi-gcc" "ARCHIVER=arm-none-eabi-ar" "COMPILER_FLAGS=  -O2 -c" "EXTRA_COMPILER_FLAGS=-mcpu=cortex-a9 -mfpu=vfpv3 -mfloat-abi=hard -nostartfiles -g -Wall -Wextra"
"Running Make include in ps7_cortexa9_0/libsrc/iic_v3_4/src"
make -C ps7_cortexa9_0/libsrc/iic_v3_4/src -s include  "SHELL=CMD" "COMPILER=arm-none-eabi-gcc" "ARCHIVER=arm-none-eabi-ar" "COMPILER_FLAGS=  -O2 -c" "EXTRA_COMPILER_FLAGS=-mcpu=cortex-a9 -mfpu=vfpv3 -mfloat-abi=hard -nostartfiles -g -Wall -Wextra"
"Running Make include in ps7_cortexa9_0/libsrc/iicps_v3_7/src"
make -C ps7_cortexa9_0/libsrc/iicps_v3_7/src -s include  "SHELL=CMD" "COMPILER=arm-none-eabi-gcc" "ARCHIVER=arm-none-eabi-ar" "COMPILER_FLAGS=  -O2 -c" "EXTRA_COMPILER_FLAGS=-mcpu=cortex-a9 -mfpu=vfpv3 -mfloat-abi=hard -nostartfiles -g -Wall -Wextra"
"Running Make include in ps7_cortexa9_0/libsrc/qspips_v3_4/src"
make -C ps7_cortexa9_0/libsrc/qspips_v3_4/src -s include  "SHELL=CMD" "COMPILER=arm-none-eabi-gcc" "ARCHIVER=arm-none-eabi-ar" "COMPILER_FLAGS=  -O2 -c" "EXTRA_COMPILER_FLAGS=-mcpu=cortex-a9 -mfpu=vfpv3 -mfloat-abi=hard -nostartfiles -g -Wall -Wextra"
"Running Make include in ps7_cortexa9_0/libsrc/scugic_v3_9/src"
make -C ps7_cortexa9_0/libsrc/scugic_v3_9/src -s include  "SHELL=CMD" "COMPILER=arm-none-eabi-gcc" "ARCHIVER=arm-none-eabi-ar" "COMPILER_FLAGS=  -O2 -c" "EXTRA_COMPILER_FLAGS=-mcpu=cortex-a9 -mfpu=vfpv3 -mfloat-abi=hard -nostartfiles -g -Wall -Wextra"
"Running Make include in ps7_cortexa9_0/libsrc/scutimer_v2_1/src"
make -C ps7_cortexa9_0/libsrc/scutimer_v2_1/src -s include  "SHELL=CMD" "COMPILER=arm-none-eabi-gcc" "ARCHIVER=arm-none-eabi-ar" "COMPILER_FLAGS=  -O2 -c" "EXTRA_COMPILER_FLAGS=-mcpu=cortex-a9 -mfpu=vfpv3 -mfloat-abi=hard -nostartfiles -g -Wall -Wextra"
"Running Make include in ps7_cortexa9_0/libsrc/scuwdt_v2_1/src"
make -C ps7_cortexa9_0/libsrc/scuwdt_v2_1/src -s include  "SHELL=CMD" "COMPILER=arm-none-eabi-gcc" "ARCHIVER=arm-none-eabi-ar" "COMPILER_FLAGS=  -O2 -c" "EXTRA_COMPILER_FLAGS=-mcpu=cortex-a9 -mfpu=vfpv3 -mfloat-abi=hard -nostartfiles -g -Wall -Wextra"
"Running Make include in ps7_cortexa9_0/libsrc/sdps_v3_5/src"
make -C ps7_cortexa9_0/libsrc/sdps_v3_5/src -s include  "SHELL=CMD" "COMPILER=arm-none-eabi-gcc" "ARCHIVER=arm-none-eabi-ar" "COMPILER_FLAGS=  -O2 -c" "EXTRA_COMPILER_FLAGS=-mcpu=cortex-a9 -mfpu=vfpv3 -mfloat-abi=hard -nostartfiles -g -Wall -Wextra"
"Running Make include in ps7_cortexa9_0/libsrc/standalone_v6_7/src"
make -C ps7_cortexa9_0/libsrc/standalone_v6_7/src -s include  "SHELL=CMD" "COMPILER=arm-none-eabi-gcc" "ARCHIVER=arm-none-eabi-ar" "COMPILER_FLAGS=  -O2 -c" "EXTRA_COMPILER_FLAGS=-mcpu=cortex-a9 -mfpu=vfpv3 -mfloat-abi=hard -nostartfiles -g -Wall -Wextra"
"Running Make include in ps7_cortexa9_0/libsrc/uartlite_v3_2/src"
make -C ps7_cortexa9_0/libsrc/uartlite_v3_2/src -s include  "SHELL=CMD" "COMPILER=arm-none-eabi-gcc" "ARCHIVER=arm-none-eabi-ar" "COMPILER_FLAGS=  -O2 -c" "EXTRA_COMPILER_FLAGS=-mcpu=cortex-a9 -mfpu=vfpv3 -mfloat-abi=hard -nostartfiles -g -Wall -Wextra"
"Running Make include in ps7_cortexa9_0/libsrc/uartps_v3_6/src"
make -C ps7_cortexa9_0/libsrc/uartps_v3_6/src -s include  "SHELL=CMD" "COMPILER=arm-none-eabi-gcc" "ARCHIVER=arm-none-eabi-ar" "COMPILER_FLAGS=  -O2 -c" "EXTRA_COMPILER_FLAGS=-mcpu=cortex-a9 -mfpu=vfpv3 -mfloat-abi=hard -nostartfiles -g -Wall -Wextra"
"Running Make include in ps7_cortexa9_0/libsrc/usbps_v2_4/src"
make -C ps7_cortexa9_0/libsrc/usbps_v2_4/src -s include  "SHELL=CMD" "COMPILER=arm-none-eabi-gcc" "ARCHIVER=arm-none-eabi-ar" "COMPILER_FLAGS=  -O2 -c" "EXTRA_COMPILER_FLAGS=-mcpu=cortex-a9 -mfpu=vfpv3 -mfloat-abi=hard -nostartfiles -g -Wall -Wextra"
"Running Make include in ps7_cortexa9_0/libsrc/xadcps_v2_2/src"
make -C ps7_cortexa9_0/libsrc/xadcps_v2_2/src -s include  "SHELL=CMD" "COMPILER=arm-none-eabi-gcc" "ARCHIVER=arm-none-eabi-ar" "COMPILER_FLAGS=  -O2 -c" "EXTRA_COMPILER_FLAGS=-mcpu=cortex-a9 -mfpu=vfpv3 -mfloat-abi=hard -nostartfiles -g -Wall -Wextra"
"Running Make libs in ps7_cortexa9_0/libsrc/coresightps_dcc_v1_4/src"
make -C ps7_cortexa9_0/libsrc/coresightps_dcc_v1_4/src -s libs  "SHELL=CMD" "COMPILER=arm-none-eabi-gcc" "ARCHIVER=arm-none-eabi-ar" "COMPILER_FLAGS=  -O2 -c" "EXTRA_COMPILER_FLAGS=-mcpu=cortex-a9 -mfpu=vfpv3 -mfloat-abi=hard -nostartfiles -g -Wall -Wextra"
"Compiling coresightps_dcc"
arm-none-eabi-ar: creating ../../../lib/libxil.a
"Running Make libs in ps7_cortexa9_0/libsrc/cpu_cortexa9_v2_6/src"
make -C ps7_cortexa9_0/libsrc/cpu_cortexa9_v2_6/src -s libs  "SHELL=CMD" "COMPILER=arm-none-eabi-gcc" "ARCHIVER=arm-none-eabi-ar" "COMPILER_FLAGS=  -O2 -c" "EXTRA_COMPILER_FLAGS=-mcpu=cortex-a9 -mfpu=vfpv3 -mfloat-abi=hard -nostartfiles -g -Wall -Wextra"
"Compiling cpu_cortexa9"
"Running Make libs in ps7_cortexa9_0/libsrc/ddrps_v1_0/src"
make -C ps7_cortexa9_0/libsrc/ddrps_v1_0/src -s libs  "SHELL=CMD" "COMPILER=arm-none-eabi-gcc" "ARCHIVER=arm-none-eabi-ar" "COMPILER_FLAGS=  -O2 -c" "EXTRA_COMPILER_FLAGS=-mcpu=cortex-a9 -mfpu=vfpv3 -mfloat-abi=hard -nostartfiles -g -Wall -Wextra"
"Compiling ddrps"
"Running Make libs in ps7_cortexa9_0/libsrc/devcfg_v3_5/src"
make -C ps7_cortexa9_0/libsrc/devcfg_v3_5/src -s libs  "SHELL=CMD" "COMPILER=arm-none-eabi-gcc" "ARCHIVER=arm-none-eabi-ar" "COMPILER_FLAGS=  -O2 -c" "EXTRA_COMPILER_FLAGS=-mcpu=cortex-a9 -mfpu=vfpv3 -mfloat-abi=hard -nostartfiles -g -Wall -Wextra"
"Compiling devcfg"
"Running Make libs in ps7_cortexa9_0/libsrc/dmaps_v2_3/src"
make -C ps7_cortexa9_0/libsrc/dmaps_v2_3/src -s libs  "SHELL=CMD" "COMPILER=arm-none-eabi-gcc" "ARCHIVER=arm-none-eabi-ar" "COMPILER_FLAGS=  -O2 -c" "EXTRA_COMPILER_FLAGS=-mcpu=cortex-a9 -mfpu=vfpv3 -mfloat-abi=hard -nostartfiles -g -Wall -Wextra"
"Compiling dmaps"
"Running Make libs in ps7_cortexa9_0/libsrc/emacps_v3_7/src"
make -C ps7_cortexa9_0/libsrc/emacps_v3_7/src -s libs  "SHELL=CMD" "COMPILER=arm-none-eabi-gcc" "ARCHIVER=arm-none-eabi-ar" "COMPILER_FLAGS=  -O2 -c" "EXTRA_COMPILER_FLAGS=-mcpu=cortex-a9 -mfpu=vfpv3 -mfloat-abi=hard -nostartfiles -g -Wall -Wextra"
"Compiling emacps"
"Running Make libs in ps7_cortexa9_0/libsrc/gpiops_v3_3/src"
make -C ps7_cortexa9_0/libsrc/gpiops_v3_3/src -s libs  "SHELL=CMD" "COMPILER=arm-none-eabi-gcc" "ARCHIVER=arm-none-eabi-ar" "COMPILER_FLAGS=  -O2 -c" "EXTRA_COMPILER_FLAGS=-mcpu=cortex-a9 -mfpu=vfpv3 -mfloat-abi=hard -nostartfiles -g -Wall -Wextra"
"Compiling gpiops"
"Running Make libs in ps7_cortexa9_0/libsrc/iic_v3_4/src"
make -C ps7_cortexa9_0/libsrc/iic_v3_4/src -s libs  "SHELL=CMD" "COMPILER=arm-none-eabi-gcc" "ARCHIVER=arm-none-eabi-ar" "COMPILER_FLAGS=  -O2 -c" "EXTRA_COMPILER_FLAGS=-mcpu=cortex-a9 -mfpu=vfpv3 -mfloat-abi=hard -nostartfiles -g -Wall -Wextra"
"Compiling iic"
"Running Make libs in ps7_cortexa9_0/libsrc/iicps_v3_7/src"
make -C ps7_cortexa9_0/libsrc/iicps_v3_7/src -s libs  "SHELL=CMD" "COMPILER=arm-none-eabi-gcc" "ARCHIVER=arm-none-eabi-ar" "COMPILER_FLAGS=  -O2 -c" "EXTRA_COMPILER_FLAGS=-mcpu=cortex-a9 -mfpu=vfpv3 -mfloat-abi=hard -nostartfiles -g -Wall -Wextra"
"Compiling iicps"
"Running Make libs in ps7_cortexa9_0/libsrc/qspips_v3_4/src"
make -C ps7_cortexa9_0/libsrc/qspips_v3_4/src -s libs  "SHELL=CMD" "COMPILER=arm-none-eabi-gcc" "ARCHIVER=arm-none-eabi-ar" "COMPILER_FLAGS=  -O2 -c" "EXTRA_COMPILER_FLAGS=-mcpu=cortex-a9 -mfpu=vfpv3 -mfloat-abi=hard -nostartfiles -g -Wall -Wextra"
"Compiling qspips"
"Running Make libs in ps7_cortexa9_0/libsrc/scugic_v3_9/src"
make -C ps7_cortexa9_0/libsrc/scugic_v3_9/src -s libs  "SHELL=CMD" "COMPILER=arm-none-eabi-gcc" "ARCHIVER=arm-none-eabi-ar" "COMPILER_FLAGS=  -O2 -c" "EXTRA_COMPILER_FLAGS=-mcpu=cortex-a9 -mfpu=vfpv3 -mfloat-abi=hard -nostartfiles -g -Wall -Wextra"
"Compiling scugic"
"Running Make libs in ps7_cortexa9_0/libsrc/scutimer_v2_1/src"
make -C ps7_cortexa9_0/libsrc/scutimer_v2_1/src -s libs  "SHELL=CMD" "COMPILER=arm-none-eabi-gcc" "ARCHIVER=arm-none-eabi-ar" "COMPILER_FLAGS=  -O2 -c" "EXTRA_COMPILER_FLAGS=-mcpu=cortex-a9 -mfpu=vfpv3 -mfloat-abi=hard -nostartfiles -g -Wall -Wextra"
"Compiling scutimer"
"Running Make libs in ps7_cortexa9_0/libsrc/scuwdt_v2_1/src"
make -C ps7_cortexa9_0/libsrc/scuwdt_v2_1/src -s libs  "SHELL=CMD" "COMPILER=arm-none-eabi-gcc" "ARCHIVER=arm-none-eabi-ar" "COMPILER_FLAGS=  -O2 -c" "EXTRA_COMPILER_FLAGS=-mcpu=cortex-a9 -mfpu=vfpv3 -mfloat-abi=hard -nostartfiles -g -Wall -Wextra"
"Compiling scuwdt"
"Running Make libs in ps7_cortexa9_0/libsrc/sdps_v3_5/src"
make -C ps7_cortexa9_0/libsrc/sdps_v3_5/src -s libs  "SHELL=CMD" "COMPILER=arm-none-eabi-gcc" "ARCHIVER=arm-none-eabi-ar" "COMPILER_FLAGS=  -O2 -c" "EXTRA_COMPILER_FLAGS=-mcpu=cortex-a9 -mfpu=vfpv3 -mfloat-abi=hard -nostartfiles -g -Wall -Wextra"
"Compiling sdps"
"Running Make libs in ps7_cortexa9_0/libsrc/standalone_v6_7/src"
make -C ps7_cortexa9_0/libsrc/standalone_v6_7/src -s libs  "SHELL=CMD" "COMPILER=arm-none-eabi-gcc" "ARCHIVER=arm-none-eabi-ar" "COMPILER_FLAGS=  -O2 -c" "EXTRA_COMPILER_FLAGS=-mcpu=cortex-a9 -mfpu=vfpv3 -mfloat-abi=hard -nostartfiles -g -Wall -Wextra"
"Compiling standalone"
"Running Make libs in ps7_cortexa9_0/libsrc/uartlite_v3_2/src"
make -C ps7_cortexa9_0/libsrc/uartlite_v3_2/src -s libs  "SHELL=CMD" "COMPILER=arm-none-eabi-gcc" "ARCHIVER=arm-none-eabi-ar" "COMPILER_FLAGS=  -O2 -c" "EXTRA_COMPILER_FLAGS=-mcpu=cortex-a9 -mfpu=vfpv3 -mfloat-abi=hard -nostartfiles -g -Wall -Wextra"
"Compiling uartlite"
"Running Make libs in ps7_cortexa9_0/libsrc/uartps_v3_6/src"
make -C ps7_cortexa9_0/libsrc/uartps_v3_6/src -s libs  "SHELL=CMD" "COMPILER=arm-none-eabi-gcc" "ARCHIVER=arm-none-eabi-ar" "COMPILER_FLAGS=  -O2 -c" "EXTRA_COMPILER_FLAGS=-mcpu=cortex-a9 -mfpu=vfpv3 -mfloat-abi=hard -nostartfiles -g -Wall -Wextra"
"Compiling uartps"
"Running Make libs in ps7_cortexa9_0/libsrc/usbps_v2_4/src"
make -C ps7_cortexa9_0/libsrc/usbps_v2_4/src -s libs  "SHELL=CMD" "COMPILER=arm-none-eabi-gcc" "ARCHIVER=arm-none-eabi-ar" "COMPILER_FLAGS=  -O2 -c" "EXTRA_COMPILER_FLAGS=-mcpu=cortex-a9 -mfpu=vfpv3 -mfloat-abi=hard -nostartfiles -g -Wall -Wextra"
"Compiling usbps"
"Running Make libs in ps7_cortexa9_0/libsrc/xadcps_v2_2/src"
make -C ps7_cortexa9_0/libsrc/xadcps_v2_2/src -s libs  "SHELL=CMD" "COMPILER=arm-none-eabi-gcc" "ARCHIVER=arm-none-eabi-ar" "COMPILER_FLAGS=  -O2 -c" "EXTRA_COMPILER_FLAGS=-mcpu=cortex-a9 -mfpu=vfpv3 -mfloat-abi=hard -nostartfiles -g -Wall -Wextra"
"Compiling xadcps"
'Finished building libraries'
16:51:54 **** Build of configuration Debug for project iic_test ****
make pre-build main-build 
a9-linaro-pre-build-step
 
Building file: ../src/helloworld.c
Invoking: ARM v7 gcc compiler
arm-none-eabi-gcc -Wall -O0 -g3 -c -fmessage-length=0 -MT"src/helloworld.o" -mcpu=cortex-a9 -mfpu=vfpv3 -mfloat-abi=hard -I../../standalone_bsp_0/ps7_cortexa9_0/include -MMD -MP -MF"src/helloworld.d" -MT"src/helloworld.o" -o "src/helloworld.o" "../src/helloworld.c"
Finished building: ../src/helloworld.c
 
Building file: ../src/platform.c
Invoking: ARM v7 gcc compiler
arm-none-eabi-gcc -Wall -O0 -g3 -c -fmessage-length=0 -MT"src/platform.o" -mcpu=cortex-a9 -mfpu=vfpv3 -mfloat-abi=hard -I../../standalone_bsp_0/ps7_cortexa9_0/include -MMD -MP -MF"src/platform.d" -MT"src/platform.o" -o "src/platform.o" "../src/platform.c"
Finished building: ../src/platform.c
 
Building target: iic_test.elf
Invoking: ARM v7 gcc linker
arm-none-eabi-gcc -mcpu=cortex-a9 -mfpu=vfpv3 -mfloat-abi=hard -Wl,-build-id=none -specs=Xilinx.spec -Wl,-T -Wl,../src/lscript.ld -L../../standalone_bsp_0/ps7_cortexa9_0/lib -o "iic_test.elf"  ./src/helloworld.o ./src/platform.o   -Wl,--start-group,-lxil,-lgcc,-lc,--end-group
Finished building target: iic_test.elf
 
Invoking: ARM v7 Print Size
arm-none-eabi-size iic_test.elf  |tee "iic_test.elf.size"
   text	   data	    bss	    dec	    hex	filename
  19348	   1144	  22568	  43060	   a834	iic_test.elf
Finished building: iic_test.elf.size
 
16:51:57 **** Auto Build of configuration Debug for project iic_test ****
make pre-build main-build 
a9-linaro-pre-build-step
 
make: Nothing to be done for `main-build'.
16:53:55 **** Auto Build of configuration Debug for project iic_test ****
make pre-build main-build 
a9-linaro-pre-build-step
 
make: Nothing to be done for `main-build'.
16:54:14 **** Auto Build of configuration Debug for project iic_test ****
make pre-build main-build 
a9-linaro-pre-build-step
 
make: Nothing to be done for `main-build'.
16:54:31 **** Auto Build of configuration Debug for project iic_test ****
make pre-build main-build 
a9-linaro-pre-build-step
 
Building file: ../src/iic_driver/iic_driver.c
Invoking: ARM v7 gcc compiler
arm-none-eabi-gcc -Wall -O0 -g3 -c -fmessage-length=0 -MT"src/iic_driver/iic_driver.o" -mcpu=cortex-a9 -mfpu=vfpv3 -mfloat-abi=hard -I../../standalone_bsp_0/ps7_cortexa9_0/include -MMD -MP -MF"src/iic_driver/iic_driver.d" -MT"src/iic_driver/iic_driver.o" -o "src/iic_driver/iic_driver.o" "../src/iic_driver/iic_driver.c"
Finished building: ../src/iic_driver/iic_driver.c
 
Building target: iic_test.elf
Invoking: ARM v7 gcc linker
arm-none-eabi-gcc -mcpu=cortex-a9 -mfpu=vfpv3 -mfloat-abi=hard -Wl,-build-id=none -specs=Xilinx.spec -Wl,-T -Wl,../src/lscript.ld -L../../standalone_bsp_0/ps7_cortexa9_0/lib -o "iic_test.elf"  ./src/iic_driver/iic_driver.o  ./src/helloworld.o ./src/platform.o   -Wl,--start-group,-lxil,-lgcc,-lc,--end-group
Finished building target: iic_test.elf
 
Invoking: ARM v7 Print Size
arm-none-eabi-size iic_test.elf  |tee "iic_test.elf.size"
   text	   data	    bss	    dec	    hex	filename
  19348	   1144	  22568	  43060	   a834	iic_test.elf
Finished building: iic_test.elf.size
 
16:55:30 **** Auto Build of configuration Debug for project iic_test ****
make pre-build main-build 
a9-linaro-pre-build-step
 
make: Nothing to be done for `main-build'.
16:57:28 **** Auto Build of configuration Debug for project iic_test ****
make pre-build main-build 
a9-linaro-pre-build-step
 
make: Nothing to be done for `main-build'.
16:57:30 **** Auto Build of configuration Debug for project iic_test ****
make pre-build main-build 
a9-linaro-pre-build-step
 
Building file: ../src/iic_driver/iic_driver.c
Invoking: ARM v7 gcc compiler
arm-none-eabi-gcc -Wall -O0 -g3 -c -fmessage-length=0 -MT"src/iic_driver/iic_driver.o" -mcpu=cortex-a9 -mfpu=vfpv3 -mfloat-abi=hard -I../../standalone_bsp_0/ps7_cortexa9_0/include -MMD -MP -MF"src/iic_driver/iic_driver.d" -MT"src/iic_driver/iic_driver.o" -o "src/iic_driver/iic_driver.o" "../src/iic_driver/iic_driver.c"
../src/iic_driver/iic_driver.c:33:13: error: unknown type name 'XIic'
 int IicInit(XIic *IicInstancePtr, u16 Iic_Dev_Id, u8 Iic_Intc_Id, int Slave_Address, XIntc *IntcInstancePtr) {
             ^~~~
../src/iic_driver/iic_driver.c:33:86: error: unknown type name 'XIntc'
 int IicInit(XIic *IicInstancePtr, u16 Iic_Dev_Id, u8 Iic_Intc_Id, int Slave_Address, XIntc *IntcInstancePtr) {
                                                                                      ^~~~~
../src/iic_driver/iic_driver.c:76:25: error: unknown type name 'XIic'
 int iic_setup_interrupt(XIic *IicInstancePtr, u8 Iic_Intc_Id, XIntc *IntcInstancePtr) {
                         ^~~~
../src/iic_driver/iic_driver.c:76:63: error: unknown type name 'XIntc'
 int iic_setup_interrupt(XIic *IicInstancePtr, u8 Iic_Intc_Id, XIntc *IntcInstancePtr) {
                                                               ^~~~~
../src/iic_driver/iic_driver.c:122:22: error: unknown type name 'XIic'
 void Iic_SendHandler(XIic *InstancePtr)
                      ^~~~
../src/iic_driver/iic_driver.c:140:25: error: unknown type name 'XIic'
 void Iic_ReceiveHandler(XIic *InstancePtr)
                         ^~~~
../src/iic_driver/iic_driver.c:159:24: error: unknown type name 'XIic'
 void Iic_StatusHandler(XIic *InstancePtr, int Event)
                        ^~~~
../src/iic_driver/iic_driver.c:178:18: error: unknown type name 'XIic'
 int IicWriteData(XIic *InstancePtr, u8 reg, u8 *WriteBuffer, u16 ByteCount)
                  ^~~~
../src/iic_driver/iic_driver.c:289:17: error: unknown type name 'XIic'
 int IicReadData(XIic *InstancePtr, u8 reg, u8 *ReadBuffer, u16 ByteCount)
                 ^~~~
make: *** [src/iic_driver/iic_driver.o] ´íÎó 1
17:08:08 **** Auto Build of configuration Debug for project iic_test ****
make pre-build main-build 
a9-linaro-pre-build-step
 
Building file: ../src/iic_driver/iic_driver.c
Invoking: ARM v7 gcc compiler
arm-none-eabi-gcc -Wall -O0 -g3 -c -fmessage-length=0 -MT"src/iic_driver/iic_driver.o" -mcpu=cortex-a9 -mfpu=vfpv3 -mfloat-abi=hard -I../../standalone_bsp_0/ps7_cortexa9_0/include -MMD -MP -MF"src/iic_driver/iic_driver.d" -MT"src/iic_driver/iic_driver.o" -o "src/iic_driver/iic_driver.o" "../src/iic_driver/iic_driver.c"
../src/iic_driver/iic_driver.c:33:13: error: unknown type name 'XIic'
 int IicInit(XIic *IicInstancePtr, u16 Iic_Dev_Id, u8 Iic_Intc_Id, int Slave_Address, XIntc *IntcInstancePtr) {
             ^~~~
../src/iic_driver/iic_driver.c:33:86: error: unknown type name 'XIntc'
 int IicInit(XIic *IicInstancePtr, u16 Iic_Dev_Id, u8 Iic_Intc_Id, int Slave_Address, XIntc *IntcInstancePtr) {
                                                                                      ^~~~~
../src/iic_driver/iic_driver.c:76:25: error: unknown type name 'XIic'
 int iic_setup_interrupt(XIic *IicInstancePtr, u8 Iic_Intc_Id, XIntc *IntcInstancePtr) {
                         ^~~~
../src/iic_driver/iic_driver.c:76:63: error: unknown type name 'XIntc'
 int iic_setup_interrupt(XIic *IicInstancePtr, u8 Iic_Intc_Id, XIntc *IntcInstancePtr) {
                                                               ^~~~~
../src/iic_driver/iic_driver.c:122:22: error: unknown type name 'XIic'
 void Iic_SendHandler(XIic *InstancePtr)
                      ^~~~
../src/iic_driver/iic_driver.c:140:25: error: unknown type name 'XIic'
 void Iic_ReceiveHandler(XIic *InstancePtr)
                         ^~~~
../src/iic_driver/iic_driver.c:159:24: error: unknown type name 'XIic'
 void Iic_StatusHandler(XIic *InstancePtr, int Event)
                        ^~~~
../src/iic_driver/iic_driver.c:178:18: error: unknown type name 'XIic'
 int IicWriteData(XIic *InstancePtr, u8 reg, u8 *WriteBuffer, u16 ByteCount)
                  ^~~~
../src/iic_driver/iic_driver.c:289:17: error: unknown type name 'XIic'
 int IicReadData(XIic *InstancePtr, u8 reg, u8 *ReadBuffer, u16 ByteCount)
                 ^~~~
make: *** [src/iic_driver/iic_driver.o] ´íÎó 1
17:12:24 **** Auto Build of configuration Debug for project iic_test ****
make pre-build main-build 
a9-linaro-pre-build-step
 
Building file: ../src/iic_driver/iic_driver.c
Invoking: ARM v7 gcc compiler
arm-none-eabi-gcc -Wall -O0 -g3 -c -fmessage-length=0 -MT"src/iic_driver/iic_driver.o" -mcpu=cortex-a9 -mfpu=vfpv3 -mfloat-abi=hard -I../../standalone_bsp_0/ps7_cortexa9_0/include -MMD -MP -MF"src/iic_driver/iic_driver.d" -MT"src/iic_driver/iic_driver.o" -o "src/iic_driver/iic_driver.o" "../src/iic_driver/iic_driver.c"
../src/iic_driver/iic_driver.c:33:13: error: unknown type name 'XIic'
 int IicInit(XIic *IicInstancePtr, u16 Iic_Dev_Id, u8 Iic_Intc_Id, int Slave_Address, XIntc *IntcInstancePtr) {
             ^~~~
../src/iic_driver/iic_driver.c:33:86: error: unknown type name 'XIntc'
 int IicInit(XIic *IicInstancePtr, u16 Iic_Dev_Id, u8 Iic_Intc_Id, int Slave_Address, XIntc *IntcInstancePtr) {
                                                                                      ^~~~~
../src/iic_driver/iic_driver.c:76:25: error: unknown type name 'XIic'
 int iic_setup_interrupt(XIic *IicInstancePtr, u8 Iic_Intc_Id, XIntc *IntcInstancePtr) {
                         ^~~~
../src/iic_driver/iic_driver.c:76:63: error: unknown type name 'XIntc'
 int iic_setup_interrupt(XIic *IicInstancePtr, u8 Iic_Intc_Id, XIntc *IntcInstancePtr) {
                                                               ^~~~~
../src/iic_driver/iic_driver.c:122:22: error: unknown type name 'XIic'
 void Iic_SendHandler(XIic *InstancePtr)
                      ^~~~
../src/iic_driver/iic_driver.c:140:25: error: unknown type name 'XIic'
 void Iic_ReceiveHandler(XIic *InstancePtr)
                         ^~~~
../src/iic_driver/iic_driver.c:159:24: error: unknown type name 'XIic'
 void Iic_StatusHandler(XIic *InstancePtr, int Event)
                        ^~~~
../src/iic_driver/iic_driver.c:178:18: error: unknown type name 'XIic'
 int IicWriteData(XIic *InstancePtr, u8 reg, u8 *WriteBuffer, u16 ByteCount)
                  ^~~~
../src/iic_driver/iic_driver.c:289:17: error: unknown type name 'XIic'
 int IicReadData(XIic *InstancePtr, u8 reg, u8 *ReadBuffer, u16 ByteCount)
                 ^~~~
make: *** [src/iic_driver/iic_driver.o] ´íÎó 1
17:12:56 **** Auto Build of configuration Debug for project iic_test ****
make pre-build main-build 
a9-linaro-pre-build-step
 
Building file: ../src/iic_driver/iic_driver.c
Invoking: ARM v7 gcc compiler
arm-none-eabi-gcc -Wall -O0 -g3 -c -fmessage-length=0 -MT"src/iic_driver/iic_driver.o" -mcpu=cortex-a9 -mfpu=vfpv3 -mfloat-abi=hard -I../../standalone_bsp_0/ps7_cortexa9_0/include -MMD -MP -MF"src/iic_driver/iic_driver.d" -MT"src/iic_driver/iic_driver.o" -o "src/iic_driver/iic_driver.o" "../src/iic_driver/iic_driver.c"
../src/iic_driver/iic_driver.c:33:13: error: unknown type name 'XIic'
 int IicInit(XIic *IicInstancePtr, u16 Iic_Dev_Id, u8 Iic_Intc_Id, int Slave_Address, XIntc *IntcInstancePtr) {
             ^~~~
../src/iic_driver/iic_driver.c:33:86: error: unknown type name 'XIntc'
 int IicInit(XIic *IicInstancePtr, u16 Iic_Dev_Id, u8 Iic_Intc_Id, int Slave_Address, XIntc *IntcInstancePtr) {
                                                                                      ^~~~~
../src/iic_driver/iic_driver.c:76:25: error: unknown type name 'XIic'
 int iic_setup_interrupt(XIic *IicInstancePtr, u8 Iic_Intc_Id, XIntc *IntcInstancePtr) {
                         ^~~~
../src/iic_driver/iic_driver.c:76:63: error: unknown type name 'XIntc'
 int iic_setup_interrupt(XIic *IicInstancePtr, u8 Iic_Intc_Id, XIntc *IntcInstancePtr) {
                                                               ^~~~~
../src/iic_driver/iic_driver.c:122:22: error: unknown type name 'XIic'
 void Iic_SendHandler(XIic *InstancePtr)
                      ^~~~
../src/iic_driver/iic_driver.c:140:25: error: unknown type name 'XIic'
 void Iic_ReceiveHandler(XIic *InstancePtr)
                         ^~~~
../src/iic_driver/iic_driver.c:159:24: error: unknown type name 'XIic'
 void Iic_StatusHandler(XIic *InstancePtr, int Event)
                        ^~~~
../src/iic_driver/iic_driver.c:178:18: error: unknown type name 'XIic'
 int IicWriteData(XIic *InstancePtr, u8 reg, u8 *WriteBuffer, u16 ByteCount)
                  ^~~~
../src/iic_driver/iic_driver.c:289:17: error: unknown type name 'XIic'
 int IicReadData(XIic *InstancePtr, u8 reg, u8 *ReadBuffer, u16 ByteCount)
                 ^~~~
make: *** [src/iic_driver/iic_driver.o] ´íÎó 1
17:13:10 **** Auto Build of configuration Debug for project iic_test ****
make pre-build main-build 
a9-linaro-pre-build-step
 
Building file: ../src/iic_driver/iic_driver.c
Invoking: ARM v7 gcc compiler
arm-none-eabi-gcc -Wall -O0 -g3 -c -fmessage-length=0 -MT"src/iic_driver/iic_driver.o" -mcpu=cortex-a9 -mfpu=vfpv3 -mfloat-abi=hard -I../../standalone_bsp_0/ps7_cortexa9_0/include -MMD -MP -MF"src/iic_driver/iic_driver.d" -MT"src/iic_driver/iic_driver.o" -o "src/iic_driver/iic_driver.o" "../src/iic_driver/iic_driver.c"
../src/iic_driver/iic_driver.c:33:13: error: unknown type name 'XIic'
 int IicInit(XIic *IicInstancePtr, u16 Iic_Dev_Id, u8 Iic_Intc_Id, int Slave_Address, XIntc *IntcInstancePtr) {
             ^~~~
../src/iic_driver/iic_driver.c:33:86: error: unknown type name 'XIntc'
 int IicInit(XIic *IicInstancePtr, u16 Iic_Dev_Id, u8 Iic_Intc_Id, int Slave_Address, XIntc *IntcInstancePtr) {
                                                                                      ^~~~~
../src/iic_driver/iic_driver.c:76:25: error: unknown type name 'XIic'
 int iic_setup_interrupt(XIic *IicInstancePtr, u8 Iic_Intc_Id, XIntc *IntcInstancePtr) {
                         ^~~~
../src/iic_driver/iic_driver.c:76:63: error: unknown type name 'XIntc'
 int iic_setup_interrupt(XIic *IicInstancePtr, u8 Iic_Intc_Id, XIntc *IntcInstancePtr) {
                                                               ^~~~~
../src/iic_driver/iic_driver.c:122:22: error: unknown type name 'XIic'
 void Iic_SendHandler(XIic *InstancePtr)
                      ^~~~
../src/iic_driver/iic_driver.c:140:25: error: unknown type name 'XIic'
 void Iic_ReceiveHandler(XIic *InstancePtr)
                         ^~~~
../src/iic_driver/iic_driver.c:159:24: error: unknown type name 'XIic'
 void Iic_StatusHandler(XIic *InstancePtr, int Event)
                        ^~~~
../src/iic_driver/iic_driver.c:178:18: error: unknown type name 'XIic'
 int IicWriteData(XIic *InstancePtr, u8 reg, u8 *WriteBuffer, u16 ByteCount)
                  ^~~~
../src/iic_driver/iic_driver.c:289:17: error: unknown type name 'XIic'
 int IicReadData(XIic *InstancePtr, u8 reg, u8 *ReadBuffer, u16 ByteCount)
                 ^~~~
make: *** [src/iic_driver/iic_driver.o] ´íÎó 1
17:13:59 **** Auto Build of configuration Debug for project iic_test ****
make pre-build main-build 
a9-linaro-pre-build-step
 
Building file: ../src/iic_driver/iic_driver.c
Invoking: ARM v7 gcc compiler
arm-none-eabi-gcc -Wall -O0 -g3 -c -fmessage-length=0 -MT"src/iic_driver/iic_driver.o" -mcpu=cortex-a9 -mfpu=vfpv3 -mfloat-abi=hard -I../../standalone_bsp_0/ps7_cortexa9_0/include -MMD -MP -MF"src/iic_driver/iic_driver.d" -MT"src/iic_driver/iic_driver.o" -o "src/iic_driver/iic_driver.o" "../src/iic_driver/iic_driver.c"
../src/iic_driver/iic_driver.c:33:13: error: unknown type name 'XIic'
 int IicInit(XIic *IicInstancePtr, u16 Iic_Dev_Id, u8 Iic_Intc_Id, int Slave_Address, XIntc *IntcInstancePtr) {
             ^~~~
../src/iic_driver/iic_driver.c:33:86: error: unknown type name 'XIntc'
 int IicInit(XIic *IicInstancePtr, u16 Iic_Dev_Id, u8 Iic_Intc_Id, int Slave_Address, XIntc *IntcInstancePtr) {
                                                                                      ^~~~~
../src/iic_driver/iic_driver.c:76:25: error: unknown type name 'XIic'
 int iic_setup_interrupt(XIic *IicInstancePtr, u8 Iic_Intc_Id, XIntc *IntcInstancePtr) {
                         ^~~~
../src/iic_driver/iic_driver.c:76:63: error: unknown type name 'XIntc'
 int iic_setup_interrupt(XIic *IicInstancePtr, u8 Iic_Intc_Id, XIntc *IntcInstancePtr) {
                                                               ^~~~~
../src/iic_driver/iic_driver.c:122:22: error: unknown type name 'XIic'
 void Iic_SendHandler(XIic *InstancePtr)
                      ^~~~
../src/iic_driver/iic_driver.c:140:25: error: unknown type name 'XIic'
 void Iic_ReceiveHandler(XIic *InstancePtr)
                         ^~~~
../src/iic_driver/iic_driver.c:159:24: error: unknown type name 'XIic'
 void Iic_StatusHandler(XIic *InstancePtr, int Event)
                        ^~~~
../src/iic_driver/iic_driver.c:178:18: error: unknown type name 'XIic'
 int IicWriteData(XIic *InstancePtr, u8 reg, u8 *WriteBuffer, u16 ByteCount)
                  ^~~~
../src/iic_driver/iic_driver.c:289:17: error: unknown type name 'XIic'
 int IicReadData(XIic *InstancePtr, u8 reg, u8 *ReadBuffer, u16 ByteCount)
                 ^~~~
make: *** [src/iic_driver/iic_driver.o] ´íÎó 1
17:14:36 **** Auto Build of configuration Debug for project iic_test ****
make pre-build main-build 
a9-linaro-pre-build-step
 
Building file: ../src/iic_driver/iic_driver.c
Invoking: ARM v7 gcc compiler
arm-none-eabi-gcc -Wall -O0 -g3 -c -fmessage-length=0 -MT"src/iic_driver/iic_driver.o" -mcpu=cortex-a9 -mfpu=vfpv3 -mfloat-abi=hard -I../../standalone_bsp_0/ps7_cortexa9_0/include -MMD -MP -MF"src/iic_driver/iic_driver.d" -MT"src/iic_driver/iic_driver.o" -o "src/iic_driver/iic_driver.o" "../src/iic_driver/iic_driver.c"
../src/iic_driver/iic_driver.c:33:13: error: unknown type name 'XIic'
 int IicInit(XIic *IicInstancePtr, u16 Iic_Dev_Id, u8 Iic_Intc_Id, int Slave_Address, XIntc *IntcInstancePtr) {
             ^~~~
../src/iic_driver/iic_driver.c:33:86: error: unknown type name 'XIntc'
 int IicInit(XIic *IicInstancePtr, u16 Iic_Dev_Id, u8 Iic_Intc_Id, int Slave_Address, XIntc *IntcInstancePtr) {
                                                                                      ^~~~~
../src/iic_driver/iic_driver.c:76:25: error: unknown type name 'XIic'
 int iic_setup_interrupt(XIic *IicInstancePtr, u8 Iic_Intc_Id, XIntc *IntcInstancePtr) {
                         ^~~~
../src/iic_driver/iic_driver.c:76:63: error: unknown type name 'XIntc'
 int iic_setup_interrupt(XIic *IicInstancePtr, u8 Iic_Intc_Id, XIntc *IntcInstancePtr) {
                                                               ^~~~~
../src/iic_driver/iic_driver.c:122:22: error: unknown type name 'XIic'
 void Iic_SendHandler(XIic *InstancePtr)
                      ^~~~
../src/iic_driver/iic_driver.c:140:25: error: unknown type name 'XIic'
 void Iic_ReceiveHandler(XIic *InstancePtr)
                         ^~~~
../src/iic_driver/iic_driver.c:159:24: error: unknown type name 'XIic'
 void Iic_StatusHandler(XIic *InstancePtr, int Event)
                        ^~~~
../src/iic_driver/iic_driver.c:178:18: error: unknown type name 'XIic'
 int IicWriteData(XIic *InstancePtr, u8 reg, u8 *WriteBuffer, u16 ByteCount)
                  ^~~~
../src/iic_driver/iic_driver.c:289:17: error: unknown type name 'XIic'
 int IicReadData(XIic *InstancePtr, u8 reg, u8 *ReadBuffer, u16 ByteCount)
                 ^~~~
make: *** [src/iic_driver/iic_driver.o] ´íÎó 1
17:16:06 **** Auto Build of configuration Debug for project iic_test ****
make pre-build main-build 
a9-linaro-pre-build-step
 
Building file: ../src/iic_driver/iic_driver.c
Invoking: ARM v7 gcc compiler
arm-none-eabi-gcc -Wall -O0 -g3 -c -fmessage-length=0 -MT"src/iic_driver/iic_driver.o" -mcpu=cortex-a9 -mfpu=vfpv3 -mfloat-abi=hard -I../../standalone_bsp_0/ps7_cortexa9_0/include -MMD -MP -MF"src/iic_driver/iic_driver.d" -MT"src/iic_driver/iic_driver.o" -o "src/iic_driver/iic_driver.o" "../src/iic_driver/iic_driver.c"
../src/iic_driver/iic_driver.c:33:13: error: unknown type name 'XIic'
 int IicInit(XIic *IicInstancePtr, u16 Iic_Dev_Id, u8 Iic_Intc_Id, int Slave_Address, XIntc *IntcInstancePtr) {
             ^~~~
../src/iic_driver/iic_driver.c:33:86: error: unknown type name 'XIntc'
 int IicInit(XIic *IicInstancePtr, u16 Iic_Dev_Id, u8 Iic_Intc_Id, int Slave_Address, XIntc *IntcInstancePtr) {
                                                                                      ^~~~~
../src/iic_driver/iic_driver.c:76:25: error: unknown type name 'XIic'
 int iic_setup_interrupt(XIic *IicInstancePtr, u8 Iic_Intc_Id, XIntc *IntcInstancePtr) {
                         ^~~~
../src/iic_driver/iic_driver.c:76:63: error: unknown type name 'XIntc'
 int iic_setup_interrupt(XIic *IicInstancePtr, u8 Iic_Intc_Id, XIntc *IntcInstancePtr) {
                                                               ^~~~~
../src/iic_driver/iic_driver.c:122:22: error: unknown type name 'XIic'
 void Iic_SendHandler(XIic *InstancePtr)
                      ^~~~
../src/iic_driver/iic_driver.c:140:25: error: unknown type name 'XIic'
 void Iic_ReceiveHandler(XIic *InstancePtr)
                         ^~~~
../src/iic_driver/iic_driver.c:159:24: error: unknown type name 'XIic'
 void Iic_StatusHandler(XIic *InstancePtr, int Event)
                        ^~~~
../src/iic_driver/iic_driver.c:178:18: error: unknown type name 'XIic'
 int IicWriteData(XIic *InstancePtr, u8 reg, u8 *WriteBuffer, u16 ByteCount)
                  ^~~~
../src/iic_driver/iic_driver.c:289:17: error: unknown type name 'XIic'
 int IicReadData(XIic *InstancePtr, u8 reg, u8 *ReadBuffer, u16 ByteCount)
                 ^~~~
make: *** [src/iic_driver/iic_driver.o] ´íÎó 1
17:16:43 **** Auto Build of configuration Debug for project iic_test ****
make pre-build main-build 
a9-linaro-pre-build-step
 
Building file: ../src/iic_driver/iic_driver.c
Invoking: ARM v7 gcc compiler
arm-none-eabi-gcc -Wall -O0 -g3 -c -fmessage-length=0 -MT"src/iic_driver/iic_driver.o" -mcpu=cortex-a9 -mfpu=vfpv3 -mfloat-abi=hard -I../../standalone_bsp_0/ps7_cortexa9_0/include -MMD -MP -MF"src/iic_driver/iic_driver.d" -MT"src/iic_driver/iic_driver.o" -o "src/iic_driver/iic_driver.o" "../src/iic_driver/iic_driver.c"
../src/iic_driver/iic_driver.c:33:13: error: unknown type name 'XIic'
 int IicInit(XIic *IicInstancePtr, u16 Iic_Dev_Id, u8 Iic_Intc_Id, int Slave_Address, XIntc *IntcInstancePtr) {
             ^~~~
../src/iic_driver/iic_driver.c:33:86: error: unknown type name 'XIntc'
 int IicInit(XIic *IicInstancePtr, u16 Iic_Dev_Id, u8 Iic_Intc_Id, int Slave_Address, XIntc *IntcInstancePtr) {
                                                                                      ^~~~~
../src/iic_driver/iic_driver.c:76:25: error: unknown type name 'XIic'
 int iic_setup_interrupt(XIic *IicInstancePtr, u8 Iic_Intc_Id, XIntc *IntcInstancePtr) {
                         ^~~~
../src/iic_driver/iic_driver.c:76:63: error: unknown type name 'XIntc'
 int iic_setup_interrupt(XIic *IicInstancePtr, u8 Iic_Intc_Id, XIntc *IntcInstancePtr) {
                                                               ^~~~~
../src/iic_driver/iic_driver.c:122:22: error: unknown type name 'XIic'
 void Iic_SendHandler(XIic *InstancePtr)
                      ^~~~
../src/iic_driver/iic_driver.c:140:25: error: unknown type name 'XIic'
 void Iic_ReceiveHandler(XIic *InstancePtr)
                         ^~~~
../src/iic_driver/iic_driver.c:159:24: error: unknown type name 'XIic'
 void Iic_StatusHandler(XIic *InstancePtr, int Event)
                        ^~~~
../src/iic_driver/iic_driver.c:178:18: error: unknown type name 'XIic'
 int IicWriteData(XIic *InstancePtr, u8 reg, u8 *WriteBuffer, u16 ByteCount)
                  ^~~~
../src/iic_driver/iic_driver.c:289:17: error: unknown type name 'XIic'
 int IicReadData(XIic *InstancePtr, u8 reg, u8 *ReadBuffer, u16 ByteCount)
                 ^~~~
make: *** [src/iic_driver/iic_driver.o] ´íÎó 1
17:19:16 **** Auto Build of configuration Debug for project iic_test ****
make pre-build main-build 
a9-linaro-pre-build-step
 
Building file: ../src/iic_driver/iic_driver.c
Invoking: ARM v7 gcc compiler
arm-none-eabi-gcc -Wall -O0 -g3 -c -fmessage-length=0 -MT"src/iic_driver/iic_driver.o" -mcpu=cortex-a9 -mfpu=vfpv3 -mfloat-abi=hard -I../../standalone_bsp_0/ps7_cortexa9_0/include -MMD -MP -MF"src/iic_driver/iic_driver.d" -MT"src/iic_driver/iic_driver.o" -o "src/iic_driver/iic_driver.o" "../src/iic_driver/iic_driver.c"
../src/iic_driver/iic_driver.c:33:13: error: unknown type name 'XIic'
 int IicInit(XIic *IicInstancePtr, u16 Iic_Dev_Id, u8 Iic_Intc_Id, int Slave_Address, XIntc *IntcInstancePtr) {
             ^~~~
../src/iic_driver/iic_driver.c:33:86: error: unknown type name 'XIntc'
 int IicInit(XIic *IicInstancePtr, u16 Iic_Dev_Id, u8 Iic_Intc_Id, int Slave_Address, XIntc *IntcInstancePtr) {
                                                                                      ^~~~~
../src/iic_driver/iic_driver.c:76:25: error: unknown type name 'XIic'
 int iic_setup_interrupt(XIic *IicInstancePtr, u8 Iic_Intc_Id, XIntc *IntcInstancePtr) {
                         ^~~~
../src/iic_driver/iic_driver.c:76:63: error: unknown type name 'XIntc'
 int iic_setup_interrupt(XIic *IicInstancePtr, u8 Iic_Intc_Id, XIntc *IntcInstancePtr) {
                                                               ^~~~~
../src/iic_driver/iic_driver.c:122:22: error: unknown type name 'XIic'
 void Iic_SendHandler(XIic *InstancePtr)
                      ^~~~
../src/iic_driver/iic_driver.c:140:25: error: unknown type name 'XIic'
 void Iic_ReceiveHandler(XIic *InstancePtr)
                         ^~~~
../src/iic_driver/iic_driver.c:159:24: error: unknown type name 'XIic'
 void Iic_StatusHandler(XIic *InstancePtr, int Event)
                        ^~~~
../src/iic_driver/iic_driver.c:178:18: error: unknown type name 'XIic'
 int IicWriteData(XIic *InstancePtr, u8 reg, u8 *WriteBuffer, u16 ByteCount)
                  ^~~~
../src/iic_driver/iic_driver.c:289:17: error: unknown type name 'XIic'
 int IicReadData(XIic *InstancePtr, u8 reg, u8 *ReadBuffer, u16 ByteCount)
                 ^~~~
make: *** [src/iic_driver/iic_driver.o] ´íÎó 1
17:19:57 **** Auto Build of configuration Debug for project iic_test ****
make pre-build main-build 
a9-linaro-pre-build-step
 
Building file: ../src/iic_driver/iic_driver.c
Invoking: ARM v7 gcc compiler
arm-none-eabi-gcc -Wall -O0 -g3 -c -fmessage-length=0 -MT"src/iic_driver/iic_driver.o" -mcpu=cortex-a9 -mfpu=vfpv3 -mfloat-abi=hard -I../../standalone_bsp_0/ps7_cortexa9_0/include -MMD -MP -MF"src/iic_driver/iic_driver.d" -MT"src/iic_driver/iic_driver.o" -o "src/iic_driver/iic_driver.o" "../src/iic_driver/iic_driver.c"
Finished building: ../src/iic_driver/iic_driver.c
 
Building file: ../src/helloworld.c
Invoking: ARM v7 gcc compiler
arm-none-eabi-gcc -Wall -O0 -g3 -c -fmessage-length=0 -MT"src/helloworld.o" -mcpu=cortex-a9 -mfpu=vfpv3 -mfloat-abi=hard -I../../standalone_bsp_0/ps7_cortexa9_0/include -MMD -MP -MF"src/helloworld.d" -MT"src/helloworld.o" -o "src/helloworld.o" "../src/helloworld.c"
../src/helloworld.c:58:1: error: unknown type name 'XScuGic'
 XScuGic InterruptController;       /* Instance of the Interrupt Controller */
 ^~~~~~~
../src/helloworld.c:61:26: error: unknown type name 'XScuGic'
 int SetUpInterruptSystem(XScuGic *XScuGicInstancePtr);
                          ^~~~~~~
../src/helloworld.c: In function 'Init_System':
../src/helloworld.c:79:9: error: 'XST_SUCCESS' undeclared (first use in this function)
  return XST_SUCCESS;
         ^~~~~~~~~~~
../src/helloworld.c:79:9: note: each undeclared identifier is reported only once for each function it appears in
../src/helloworld.c: At top level:
../src/helloworld.c:98:26: error: unknown type name 'XScuGic'
 int SetUpInterruptSystem(XScuGic *XScuGicInstancePtr)
                          ^~~~~~~
../src/helloworld.c:117:29: error: unknown type name 'XScuGic'
 int InitInterruptController(XScuGic *XScuGicInstancePtr, u16 DeviceId) {
                             ^~~~~~~
../src/helloworld.c: In function 'Init_System':
../src/helloworld.c:80:1: warning: control reaches end of non-void function [-Wreturn-type]
 }
 ^
make: *** [src/helloworld.o] ´íÎó 1
17:20:31 **** Auto Build of configuration Debug for project iic_test ****
make pre-build main-build 
a9-linaro-pre-build-step
 
Building file: ../src/helloworld.c
Invoking: ARM v7 gcc compiler
arm-none-eabi-gcc -Wall -O0 -g3 -c -fmessage-length=0 -MT"src/helloworld.o" -mcpu=cortex-a9 -mfpu=vfpv3 -mfloat-abi=hard -I../../standalone_bsp_0/ps7_cortexa9_0/include -MMD -MP -MF"src/helloworld.d" -MT"src/helloworld.o" -o "src/helloworld.o" "../src/helloworld.c"
../src/helloworld.c: In function 'InitInterruptController':
../src/helloworld.c:133:2: error: 'Status' undeclared (first use in this function); did you mean 'XStatus'?
  Status = XScuGic_CfgInitialize(XScuGicInstancePtr, GicConfig,
  ^~~~~~
  XStatus
../src/helloworld.c:133:2: note: each undeclared identifier is reported only once for each function it appears in
make: *** [src/helloworld.o] ´íÎó 1
17:21:10 **** Auto Build of configuration Debug for project iic_test ****
make pre-build main-build 
a9-linaro-pre-build-step
 
Building file: ../src/helloworld.c
Invoking: ARM v7 gcc compiler
arm-none-eabi-gcc -Wall -O0 -g3 -c -fmessage-length=0 -MT"src/helloworld.o" -mcpu=cortex-a9 -mfpu=vfpv3 -mfloat-abi=hard -I../../standalone_bsp_0/ps7_cortexa9_0/include -MMD -MP -MF"src/helloworld.d" -MT"src/helloworld.o" -o "src/helloworld.o" "../src/helloworld.c"
Finished building: ../src/helloworld.c
 
Building target: iic_test.elf
Invoking: ARM v7 gcc linker
arm-none-eabi-gcc -mcpu=cortex-a9 -mfpu=vfpv3 -mfloat-abi=hard -Wl,-build-id=none -specs=Xilinx.spec -Wl,-T -Wl,../src/lscript.ld -L../../standalone_bsp_0/ps7_cortexa9_0/lib -o "iic_test.elf"  ./src/iic_driver/iic_driver.o  ./src/helloworld.o ./src/platform.o   -Wl,--start-group,-lxil,-lgcc,-lc,--end-group
Finished building target: iic_test.elf
 
Invoking: ARM v7 Print Size
arm-none-eabi-size iic_test.elf  |tee "iic_test.elf.size"
   text	   data	    bss	    dec	    hex	filename
  22996	   2720	  22600	  48316	   bcbc	iic_test.elf
Finished building: iic_test.elf.size
 
17:21:45 **** Auto Build of configuration Debug for project iic_test ****
make pre-build main-build 
a9-linaro-pre-build-step
 
Building file: ../src/helloworld.c
Invoking: ARM v7 gcc compiler
arm-none-eabi-gcc -Wall -O0 -g3 -c -fmessage-length=0 -MT"src/helloworld.o" -mcpu=cortex-a9 -mfpu=vfpv3 -mfloat-abi=hard -I../../standalone_bsp_0/ps7_cortexa9_0/include -MMD -MP -MF"src/helloworld.d" -MT"src/helloworld.o" -o "src/helloworld.o" "../src/helloworld.c"
Finished building: ../src/helloworld.c
 
Building target: iic_test.elf
Invoking: ARM v7 gcc linker
arm-none-eabi-gcc -mcpu=cortex-a9 -mfpu=vfpv3 -mfloat-abi=hard -Wl,-build-id=none -specs=Xilinx.spec -Wl,-T -Wl,../src/lscript.ld -L../../standalone_bsp_0/ps7_cortexa9_0/lib -o "iic_test.elf"  ./src/iic_driver/iic_driver.o  ./src/helloworld.o ./src/platform.o   -Wl,--start-group,-lxil,-lgcc,-lc,--end-group
Finished building target: iic_test.elf
 
Invoking: ARM v7 Print Size
arm-none-eabi-size iic_test.elf  |tee "iic_test.elf.size"
   text	   data	    bss	    dec	    hex	filename
  22996	   2720	  22600	  48316	   bcbc	iic_test.elf
Finished building: iic_test.elf.size
 
17:23:07 **** Auto Build of configuration Debug for project iic_test ****
make pre-build main-build 
a9-linaro-pre-build-step
 
Building file: ../src/helloworld.c
Invoking: ARM v7 gcc compiler
arm-none-eabi-gcc -Wall -O0 -g3 -c -fmessage-length=0 -MT"src/helloworld.o" -mcpu=cortex-a9 -mfpu=vfpv3 -mfloat-abi=hard -I../../standalone_bsp_0/ps7_cortexa9_0/include -MMD -MP -MF"src/helloworld.d" -MT"src/helloworld.o" -o "src/helloworld.o" "../src/helloworld.c"
Finished building: ../src/helloworld.c
 
Building target: iic_test.elf
Invoking: ARM v7 gcc linker
arm-none-eabi-gcc -mcpu=cortex-a9 -mfpu=vfpv3 -mfloat-abi=hard -Wl,-build-id=none -specs=Xilinx.spec -Wl,-T -Wl,../src/lscript.ld -L../../standalone_bsp_0/ps7_cortexa9_0/lib -o "iic_test.elf"  ./src/iic_driver/iic_driver.o  ./src/helloworld.o ./src/platform.o   -Wl,--start-group,-lxil,-lgcc,-lc,--end-group
Finished building target: iic_test.elf
 
Invoking: ARM v7 Print Size
arm-none-eabi-size iic_test.elf  |tee "iic_test.elf.size"
   text	   data	    bss	    dec	    hex	filename
  23024	   2720	  22600	  48344	   bcd8	iic_test.elf
Finished building: iic_test.elf.size
 
17:24:49 **** Auto Build of configuration Debug for project iic_test ****
make pre-build main-build 
a9-linaro-pre-build-step
 
Building file: ../src/helloworld.c
Invoking: ARM v7 gcc compiler
arm-none-eabi-gcc -Wall -O0 -g3 -c -fmessage-length=0 -MT"src/helloworld.o" -mcpu=cortex-a9 -mfpu=vfpv3 -mfloat-abi=hard -I../../standalone_bsp_0/ps7_cortexa9_0/include -MMD -MP -MF"src/helloworld.d" -MT"src/helloworld.o" -o "src/helloworld.o" "../src/helloworld.c"
Finished building: ../src/helloworld.c
 
Building target: iic_test.elf
Invoking: ARM v7 gcc linker
arm-none-eabi-gcc -mcpu=cortex-a9 -mfpu=vfpv3 -mfloat-abi=hard -Wl,-build-id=none -specs=Xilinx.spec -Wl,-T -Wl,../src/lscript.ld -L../../standalone_bsp_0/ps7_cortexa9_0/lib -o "iic_test.elf"  ./src/iic_driver/iic_driver.o  ./src/helloworld.o ./src/platform.o   -Wl,--start-group,-lxil,-lgcc,-lc,--end-group
Finished building target: iic_test.elf
 
Invoking: ARM v7 Print Size
arm-none-eabi-size iic_test.elf  |tee "iic_test.elf.size"
   text	   data	    bss	    dec	    hex	filename
  22996	   2720	  22600	  48316	   bcbc	iic_test.elf
Finished building: iic_test.elf.size
 
17:24:56 **** Auto Build of configuration Debug for project iic_test ****
make pre-build main-build 
a9-linaro-pre-build-step
 
Building file: ../src/helloworld.c
Invoking: ARM v7 gcc compiler
arm-none-eabi-gcc -Wall -O0 -g3 -c -fmessage-length=0 -MT"src/helloworld.o" -mcpu=cortex-a9 -mfpu=vfpv3 -mfloat-abi=hard -I../../standalone_bsp_0/ps7_cortexa9_0/include -MMD -MP -MF"src/helloworld.d" -MT"src/helloworld.o" -o "src/helloworld.o" "../src/helloworld.c"
Finished building: ../src/helloworld.c
 
Building target: iic_test.elf
Invoking: ARM v7 gcc linker
arm-none-eabi-gcc -mcpu=cortex-a9 -mfpu=vfpv3 -mfloat-abi=hard -Wl,-build-id=none -specs=Xilinx.spec -Wl,-T -Wl,../src/lscript.ld -L../../standalone_bsp_0/ps7_cortexa9_0/lib -o "iic_test.elf"  ./src/iic_driver/iic_driver.o  ./src/helloworld.o ./src/platform.o   -Wl,--start-group,-lxil,-lgcc,-lc,--end-group
Finished building target: iic_test.elf
 
Invoking: ARM v7 Print Size
arm-none-eabi-size iic_test.elf  |tee "iic_test.elf.size"
   text	   data	    bss	    dec	    hex	filename
  22996	   2720	  22600	  48316	   bcbc	iic_test.elf
Finished building: iic_test.elf.size
 
17:25:29 **** Auto Build of configuration Debug for project iic_test ****
make pre-build main-build 
a9-linaro-pre-build-step
 
Building file: ../src/helloworld.c
Invoking: ARM v7 gcc compiler
arm-none-eabi-gcc -Wall -O0 -g3 -c -fmessage-length=0 -MT"src/helloworld.o" -mcpu=cortex-a9 -mfpu=vfpv3 -mfloat-abi=hard -I../../standalone_bsp_0/ps7_cortexa9_0/include -MMD -MP -MF"src/helloworld.d" -MT"src/helloworld.o" -o "src/helloworld.o" "../src/helloworld.c"
Finished building: ../src/helloworld.c
 
Building target: iic_test.elf
Invoking: ARM v7 gcc linker
arm-none-eabi-gcc -mcpu=cortex-a9 -mfpu=vfpv3 -mfloat-abi=hard -Wl,-build-id=none -specs=Xilinx.spec -Wl,-T -Wl,../src/lscript.ld -L../../standalone_bsp_0/ps7_cortexa9_0/lib -o "iic_test.elf"  ./src/iic_driver/iic_driver.o  ./src/helloworld.o ./src/platform.o   -Wl,--start-group,-lxil,-lgcc,-lc,--end-group
Finished building target: iic_test.elf
 
Invoking: ARM v7 Print Size
arm-none-eabi-size iic_test.elf  |tee "iic_test.elf.size"
   text	   data	    bss	    dec	    hex	filename
  22996	   2720	  22600	  48316	   bcbc	iic_test.elf
Finished building: iic_test.elf.size
 
17:26:03 **** Auto Build of configuration Debug for project iic_test ****
make pre-build main-build 
a9-linaro-pre-build-step
 
Building file: ../src/helloworld.c
Invoking: ARM v7 gcc compiler
arm-none-eabi-gcc -Wall -O0 -g3 -c -fmessage-length=0 -MT"src/helloworld.o" -mcpu=cortex-a9 -mfpu=vfpv3 -mfloat-abi=hard -I../../standalone_bsp_0/ps7_cortexa9_0/include -MMD -MP -MF"src/helloworld.d" -MT"src/helloworld.o" -o "src/helloworld.o" "../src/helloworld.c"
Finished building: ../src/helloworld.c
 
Building target: iic_test.elf
Invoking: ARM v7 gcc linker
arm-none-eabi-gcc -mcpu=cortex-a9 -mfpu=vfpv3 -mfloat-abi=hard -Wl,-build-id=none -specs=Xilinx.spec -Wl,-T -Wl,../src/lscript.ld -L../../standalone_bsp_0/ps7_cortexa9_0/lib -o "iic_test.elf"  ./src/iic_driver/iic_driver.o  ./src/helloworld.o ./src/platform.o   -Wl,--start-group,-lxil,-lgcc,-lc,--end-group
Finished building target: iic_test.elf
 
Invoking: ARM v7 Print Size
arm-none-eabi-size iic_test.elf  |tee "iic_test.elf.size"
   text	   data	    bss	    dec	    hex	filename
  22996	   2720	  22600	  48316	   bcbc	iic_test.elf
Finished building: iic_test.elf.size
 
17:26:07 **** Auto Build of configuration Debug for project iic_test ****
make pre-build main-build 
a9-linaro-pre-build-step
 
Building file: ../src/helloworld.c
Invoking: ARM v7 gcc compiler
arm-none-eabi-gcc -Wall -O0 -g3 -c -fmessage-length=0 -MT"src/helloworld.o" -mcpu=cortex-a9 -mfpu=vfpv3 -mfloat-abi=hard -I../../standalone_bsp_0/ps7_cortexa9_0/include -MMD -MP -MF"src/helloworld.d" -MT"src/helloworld.o" -o "src/helloworld.o" "../src/helloworld.c"
Finished building: ../src/helloworld.c
 
Building target: iic_test.elf
Invoking: ARM v7 gcc linker
arm-none-eabi-gcc -mcpu=cortex-a9 -mfpu=vfpv3 -mfloat-abi=hard -Wl,-build-id=none -specs=Xilinx.spec -Wl,-T -Wl,../src/lscript.ld -L../../standalone_bsp_0/ps7_cortexa9_0/lib -o "iic_test.elf"  ./src/iic_driver/iic_driver.o  ./src/helloworld.o ./src/platform.o   -Wl,--start-group,-lxil,-lgcc,-lc,--end-group
Finished building target: iic_test.elf
 
Invoking: ARM v7 Print Size
arm-none-eabi-size iic_test.elf  |tee "iic_test.elf.size"
   text	   data	    bss	    dec	    hex	filename
  22996	   2720	  22600	  48316	   bcbc	iic_test.elf
Finished building: iic_test.elf.size
 
17:26:36 **** Auto Build of configuration Debug for project iic_test ****
make pre-build main-build 
a9-linaro-pre-build-step
 
Building file: ../src/helloworld.c
Invoking: ARM v7 gcc compiler
arm-none-eabi-gcc -Wall -O0 -g3 -c -fmessage-length=0 -MT"src/helloworld.o" -mcpu=cortex-a9 -mfpu=vfpv3 -mfloat-abi=hard -I../../standalone_bsp_0/ps7_cortexa9_0/include -MMD -MP -MF"src/helloworld.d" -MT"src/helloworld.o" -o "src/helloworld.o" "../src/helloworld.c"
Finished building: ../src/helloworld.c
 
Building target: iic_test.elf
Invoking: ARM v7 gcc linker
arm-none-eabi-gcc -mcpu=cortex-a9 -mfpu=vfpv3 -mfloat-abi=hard -Wl,-build-id=none -specs=Xilinx.spec -Wl,-T -Wl,../src/lscript.ld -L../../standalone_bsp_0/ps7_cortexa9_0/lib -o "iic_test.elf"  ./src/iic_driver/iic_driver.o  ./src/helloworld.o ./src/platform.o   -Wl,--start-group,-lxil,-lgcc,-lc,--end-group
Finished building target: iic_test.elf
 
Invoking: ARM v7 Print Size
arm-none-eabi-size iic_test.elf  |tee "iic_test.elf.size"
   text	   data	    bss	    dec	    hex	filename
  23004	   2720	  22600	  48324	   bcc4	iic_test.elf
Finished building: iic_test.elf.size
 
17:27:45 **** Auto Build of configuration Debug for project iic_test ****
make pre-build main-build 
a9-linaro-pre-build-step
 
Building file: ../src/iic_driver/iic_driver.c
Invoking: ARM v7 gcc compiler
arm-none-eabi-gcc -Wall -O0 -g3 -c -fmessage-length=0 -MT"src/iic_driver/iic_driver.o" -mcpu=cortex-a9 -mfpu=vfpv3 -mfloat-abi=hard -I../../standalone_bsp_0/ps7_cortexa9_0/include -MMD -MP -MF"src/iic_driver/iic_driver.d" -MT"src/iic_driver/iic_driver.o" -o "src/iic_driver/iic_driver.o" "../src/iic_driver/iic_driver.c"
../src/iic_driver/iic_driver.c:33:13: error: unknown type name 'XIic'
 int IicInit(XIic *IicInstancePtr, u16 Iic_Dev_Id, u8 Iic_Intc_Id, int Slave_Address, XIntc *IntcInstancePtr) {
             ^~~~
../src/iic_driver/iic_driver.c:33:86: error: unknown type name 'XIntc'
 int IicInit(XIic *IicInstancePtr, u16 Iic_Dev_Id, u8 Iic_Intc_Id, int Slave_Address, XIntc *IntcInstancePtr) {
                                                                                      ^~~~~
../src/iic_driver/iic_driver.c:76:25: error: unknown type name 'XIic'
 int iic_setup_interrupt(XIic *IicInstancePtr, u8 Iic_Intc_Id, XIntc *IntcInstancePtr) {
                         ^~~~
../src/iic_driver/iic_driver.c:76:63: error: unknown type name 'XIntc'
 int iic_setup_interrupt(XIic *IicInstancePtr, u8 Iic_Intc_Id, XIntc *IntcInstancePtr) {
                                                               ^~~~~
../src/iic_driver/iic_driver.c:122:22: error: unknown type name 'XIic'
 void Iic_SendHandler(XIic *InstancePtr)
                      ^~~~
../src/iic_driver/iic_driver.c:140:25: error: unknown type name 'XIic'
 void Iic_ReceiveHandler(XIic *InstancePtr)
                         ^~~~
../src/iic_driver/iic_driver.c:159:24: error: unknown type name 'XIic'
 void Iic_StatusHandler(XIic *InstancePtr, int Event)
                        ^~~~
../src/iic_driver/iic_driver.c:178:18: error: unknown type name 'XIic'
 int IicWriteData(XIic *InstancePtr, u8 reg, u8 *WriteBuffer, u16 ByteCount)
                  ^~~~
../src/iic_driver/iic_driver.c:289:17: error: unknown type name 'XIic'
 int IicReadData(XIic *InstancePtr, u8 reg, u8 *ReadBuffer, u16 ByteCount)
                 ^~~~
make: *** [src/iic_driver/iic_driver.o] ´íÎó 1
17:28:34 **** Auto Build of configuration Debug for project iic_test ****
make pre-build main-build 
a9-linaro-pre-build-step
 
Building file: ../src/iic_driver/iic_driver.c
Invoking: ARM v7 gcc compiler
arm-none-eabi-gcc -Wall -O0 -g3 -c -fmessage-length=0 -MT"src/iic_driver/iic_driver.o" -mcpu=cortex-a9 -mfpu=vfpv3 -mfloat-abi=hard -I../../standalone_bsp_0/ps7_cortexa9_0/include -MMD -MP -MF"src/iic_driver/iic_driver.d" -MT"src/iic_driver/iic_driver.o" -o "src/iic_driver/iic_driver.o" "../src/iic_driver/iic_driver.c"
../src/iic_driver/iic_driver.c:33:89: error: unknown type name 'XIntc'
 int IicInit(XScuGic *IicInstancePtr, u16 Iic_Dev_Id, u8 Iic_Intc_Id, int Slave_Address, XIntc *IntcInstancePtr) {
                                                                                         ^~~~~
../src/iic_driver/iic_driver.c:76:66: error: unknown type name 'XIntc'
 int iic_setup_interrupt(XScuGic *IicInstancePtr, u8 Iic_Intc_Id, XIntc *IntcInstancePtr) {
                                                                  ^~~~~
../src/iic_driver/iic_driver.c: In function 'IicWriteData':
../src/iic_driver/iic_driver.c:188:13: error: 'XScuGic {aka struct <anonymous>}' has no member named 'Stats'
  InstancePtr->Stats.TxErrors = 0;
             ^~
../src/iic_driver/iic_driver.c:207:11: warning: implicit declaration of function 'XScuGic_Start'; did you mean 'XScuGic_Stop'? [-Wimplicit-function-declaration]
  Status = XScuGic_Start(InstancePtr);
           ^~~~~~~~~~~~~
           XScuGic_Stop
../src/iic_driver/iic_driver.c:215:11: warning: implicit declaration of function 'XScuGic_MasterSend'; did you mean 'XScuGic_WriteReg'? [-Wimplicit-function-declaration]
  Status = XScuGic_MasterSend(InstancePtr, Buffer, ByteCount+1);
           ^~~~~~~~~~~~~~~~~~
           XScuGic_WriteReg
../src/iic_driver/iic_driver.c:223:32: warning: implicit declaration of function 'XScuGic_IsIicBusy'; did you mean 'XScuGic_SelfTest'? [-Wimplicit-function-declaration]
  while ((TransmitComplete) || (XScuGic_IsIicBusy(InstancePtr) == TRUE)) {
                                ^~~~~~~~~~~~~~~~~
                                XScuGic_SelfTest
../src/iic_driver/iic_driver.c:233:18: error: 'XScuGic {aka struct <anonymous>}' has no member named 'Stats'
   if (InstancePtr->Stats.TxErrors != 0) {
                  ^~
../src/iic_driver/iic_driver.c:253:17: error: 'XScuGic {aka struct <anonymous>}' has no member named 'Stats'
      InstancePtr->Stats.TxErrors = 0;
                 ^~
../src/iic_driver/iic_driver.c:264:9: error: void value not ignored as it ought to be
  Status = XScuGic_Stop(InstancePtr);
         ^
../src/iic_driver/iic_driver.c: In function 'IicReadData':
../src/iic_driver/iic_driver.c:317:11: warning: implicit declaration of function 'XScuGic_MasterRecv'; did you mean 'XScuGic_WriteReg'? [-Wimplicit-function-declaration]
  Status = XScuGic_MasterRecv(InstancePtr, ReadBuffer, ByteCount);
           ^~~~~~~~~~~~~~~~~~
           XScuGic_WriteReg
../src/iic_driver/iic_driver.c:332:9: error: void value not ignored as it ought to be
  Status = XScuGic_Stop(InstancePtr);
         ^
make: *** [src/iic_driver/iic_driver.o] ´íÎó 1
17:29:12 **** Auto Build of configuration Debug for project iic_test ****
make pre-build main-build 
a9-linaro-pre-build-step
 
Building file: ../src/iic_driver/iic_driver.c
Invoking: ARM v7 gcc compiler
arm-none-eabi-gcc -Wall -O0 -g3 -c -fmessage-length=0 -MT"src/iic_driver/iic_driver.o" -mcpu=cortex-a9 -mfpu=vfpv3 -mfloat-abi=hard -I../../standalone_bsp_0/ps7_cortexa9_0/include -MMD -MP -MF"src/iic_driver/iic_driver.d" -MT"src/iic_driver/iic_driver.o" -o "src/iic_driver/iic_driver.o" "../src/iic_driver/iic_driver.c"
../src/iic_driver/iic_driver.c:33:89: error: unknown type name 'XIntc'
 int IicInit(XScuGic *IicInstancePtr, u16 Iic_Dev_Id, u8 Iic_Intc_Id, int Slave_Address, XIntc *IntcInstancePtr) {
                                                                                         ^~~~~
../src/iic_driver/iic_driver.c:76:66: error: unknown type name 'XIntc'
 int iic_setup_interrupt(XScuGic *IicInstancePtr, u8 Iic_Intc_Id, XIntc *IntcInstancePtr) {
                                                                  ^~~~~
../src/iic_driver/iic_driver.c: In function 'IicWriteData':
../src/iic_driver/iic_driver.c:188:13: error: 'XScuGic {aka struct <anonymous>}' has no member named 'Stats'
  InstancePtr->Stats.TxErrors = 0;
             ^~
../src/iic_driver/iic_driver.c:207:11: warning: implicit declaration of function 'XIic_Start'; did you mean 'va_start'? [-Wimplicit-function-declaration]
  Status = XIic_Start(InstancePtr);
           ^~~~~~~~~~
           va_start
../src/iic_driver/iic_driver.c:215:11: warning: implicit declaration of function 'XIic_MasterSend' [-Wimplicit-function-declaration]
  Status = XIic_MasterSend(InstancePtr, Buffer, ByteCount+1);
           ^~~~~~~~~~~~~~~
../src/iic_driver/iic_driver.c:223:32: warning: implicit declaration of function 'XIic_IsIicBusy' [-Wimplicit-function-declaration]
  while ((TransmitComplete) || (XIic_IsIicBusy(InstancePtr) == TRUE)) {
                                ^~~~~~~~~~~~~~
../src/iic_driver/iic_driver.c:233:18: error: 'XScuGic {aka struct <anonymous>}' has no member named 'Stats'
   if (InstancePtr->Stats.TxErrors != 0) {
                  ^~
../src/iic_driver/iic_driver.c:253:17: error: 'XScuGic {aka struct <anonymous>}' has no member named 'Stats'
      InstancePtr->Stats.TxErrors = 0;
                 ^~
../src/iic_driver/iic_driver.c:264:11: warning: implicit declaration of function 'XIic_Stop'; did you mean 'XScuGic_Stop'? [-Wimplicit-function-declaration]
  Status = XIic_Stop(InstancePtr);
           ^~~~~~~~~
           XScuGic_Stop
../src/iic_driver/iic_driver.c: In function 'IicReadData':
../src/iic_driver/iic_driver.c:317:11: warning: implicit declaration of function 'XIic_MasterRecv' [-Wimplicit-function-declaration]
  Status = XIic_MasterRecv(InstancePtr, ReadBuffer, ByteCount);
           ^~~~~~~~~~~~~~~
make: *** [src/iic_driver/iic_driver.o] ´íÎó 1
17:29:48 **** Auto Build of configuration Debug for project iic_test ****
make pre-build main-build 
a9-linaro-pre-build-step
 
Building file: ../src/iic_driver/iic_driver.c
Invoking: ARM v7 gcc compiler
arm-none-eabi-gcc -Wall -O0 -g3 -c -fmessage-length=0 -MT"src/iic_driver/iic_driver.o" -mcpu=cortex-a9 -mfpu=vfpv3 -mfloat-abi=hard -I../../standalone_bsp_0/ps7_cortexa9_0/include -MMD -MP -MF"src/iic_driver/iic_driver.d" -MT"src/iic_driver/iic_driver.o" -o "src/iic_driver/iic_driver.o" "../src/iic_driver/iic_driver.c"
../src/iic_driver/iic_driver.c:33:13: error: unknown type name 'XIic'
 int IicInit(XIic *IicInstancePtr, u16 Iic_Dev_Id, u8 Iic_Intc_Id, int Slave_Address, XIntc *IntcInstancePtr) {
             ^~~~
../src/iic_driver/iic_driver.c:33:86: error: unknown type name 'XIntc'
 int IicInit(XIic *IicInstancePtr, u16 Iic_Dev_Id, u8 Iic_Intc_Id, int Slave_Address, XIntc *IntcInstancePtr) {
                                                                                      ^~~~~
../src/iic_driver/iic_driver.c:76:25: error: unknown type name 'XIic'
 int iic_setup_interrupt(XIic *IicInstancePtr, u8 Iic_Intc_Id, XIntc *IntcInstancePtr) {
                         ^~~~
../src/iic_driver/iic_driver.c:76:63: error: unknown type name 'XIntc'
 int iic_setup_interrupt(XIic *IicInstancePtr, u8 Iic_Intc_Id, XIntc *IntcInstancePtr) {
                                                               ^~~~~
../src/iic_driver/iic_driver.c:122:22: error: unknown type name 'XIic'
 void Iic_SendHandler(XIic *InstancePtr)
                      ^~~~
../src/iic_driver/iic_driver.c:140:25: error: unknown type name 'XIic'
 void Iic_ReceiveHandler(XIic *InstancePtr)
                         ^~~~
../src/iic_driver/iic_driver.c:159:24: error: unknown type name 'XIic'
 void Iic_StatusHandler(XIic *InstancePtr, int Event)
                        ^~~~
../src/iic_driver/iic_driver.c:178:18: error: unknown type name 'XIic'
 int IicWriteData(XIic *InstancePtr, u8 reg, u8 *WriteBuffer, u16 ByteCount)
                  ^~~~
../src/iic_driver/iic_driver.c:289:17: error: unknown type name 'XIic'
 int IicReadData(XIic *InstancePtr, u8 reg, u8 *ReadBuffer, u16 ByteCount)
                 ^~~~
make: *** [src/iic_driver/iic_driver.o] ´íÎó 1
17:30:05 **** Auto Build of configuration Debug for project iic_test ****
make pre-build main-build 
a9-linaro-pre-build-step
 
Building file: ../src/iic_driver/iic_driver.c
Invoking: ARM v7 gcc compiler
arm-none-eabi-gcc -Wall -O0 -g3 -c -fmessage-length=0 -MT"src/iic_driver/iic_driver.o" -mcpu=cortex-a9 -mfpu=vfpv3 -mfloat-abi=hard -I../../standalone_bsp_0/ps7_cortexa9_0/include -MMD -MP -MF"src/iic_driver/iic_driver.d" -MT"src/iic_driver/iic_driver.o" -o "src/iic_driver/iic_driver.o" "../src/iic_driver/iic_driver.c"
../src/iic_driver/iic_driver.c:33:86: error: unknown type name 'XIntc'; did you mean 'XIic'?
 int IicInit(XIic *IicInstancePtr, u16 Iic_Dev_Id, u8 Iic_Intc_Id, int Slave_Address, XIntc *IntcInstancePtr) {
                                                                                      ^~~~~
                                                                                      XIic
../src/iic_driver/iic_driver.c:76:63: error: unknown type name 'XIntc'; did you mean 'XIic'?
 int iic_setup_interrupt(XIic *IicInstancePtr, u8 Iic_Intc_Id, XIntc *IntcInstancePtr) {
                                                               ^~~~~
                                                               XIic
make: *** [src/iic_driver/iic_driver.o] ´íÎó 1
17:32:04 **** Auto Build of configuration Debug for project iic_test ****
make pre-build main-build 
a9-linaro-pre-build-step
 
Building file: ../src/iic_driver/iic_driver.c
Invoking: ARM v7 gcc compiler
arm-none-eabi-gcc -Wall -O0 -g3 -c -fmessage-length=0 -MT"src/iic_driver/iic_driver.o" -mcpu=cortex-a9 -mfpu=vfpv3 -mfloat-abi=hard -I../../standalone_bsp_0/ps7_cortexa9_0/include -MMD -MP -MF"src/iic_driver/iic_driver.d" -MT"src/iic_driver/iic_driver.o" -o "src/iic_driver/iic_driver.o" "../src/iic_driver/iic_driver.c"
../src/iic_driver/iic_driver.c: In function 'IicInit':
../src/iic_driver/iic_driver.c:53:11: warning: implicit declaration of function 'iic_setup_interrupt' [-Wimplicit-function-declaration]
  Status = iic_setup_interrupt(IicInstancePtr, Iic_Intc_Id, IntcInstancePtr);
           ^~~~~~~~~~~~~~~~~~~
../src/iic_driver/iic_driver.c: At top level:
../src/iic_driver/iic_driver.c:76:5: error: conflicting types for 'iic_setup_interrupt'
 int iic_setup_interrupt(XIic *IicInstancePtr, u8 Iic_Intc_Id, XIntc *IntcInstancePtr) {
     ^~~~~~~~~~~~~~~~~~~
../src/iic_driver/iic_driver.c:76:1: note: an argument type that has a default promotion can't match an empty parameter name list declaration
 int iic_setup_interrupt(XIic *IicInstancePtr, u8 Iic_Intc_Id, XIntc *IntcInstancePtr) {
 ^~~
../src/iic_driver/iic_driver.c:53:11: note: previous implicit declaration of 'iic_setup_interrupt' was here
  Status = iic_setup_interrupt(IicInstancePtr, Iic_Intc_Id, IntcInstancePtr);
           ^~~~~~~~~~~~~~~~~~~
../src/iic_driver/iic_driver.c: In function 'iic_setup_interrupt':
../src/iic_driver/iic_driver.c:83:11: warning: implicit declaration of function 'XIntc_Connect'; did you mean 'XScuGic_Connect'? [-Wimplicit-function-declaration]
  Status = XIntc_Connect(IntcInstancePtr, Iic_Intc_Id,
           ^~~~~~~~~~~~~
           XScuGic_Connect
../src/iic_driver/iic_driver.c:93:2: warning: implicit declaration of function 'XIntc_Enable'; did you mean 'XScuGic_Enable'? [-Wimplicit-function-declaration]
  XIntc_Enable(IntcInstancePtr, Iic_Intc_Id);
  ^~~~~~~~~~~~
  XScuGic_Enable
../src/iic_driver/iic_driver.c:99:20: error: 'Iic_SendHandler' undeclared (first use in this function); did you mean 'XIic_SetSendHandler'?
     (XIic_Handler) Iic_SendHandler);
                    ^~~~~~~~~~~~~~~
                    XIic_SetSendHandler
../src/iic_driver/iic_driver.c:99:20: note: each undeclared identifier is reported only once for each function it appears in
../src/iic_driver/iic_driver.c:101:20: error: 'Iic_ReceiveHandler' undeclared (first use in this function); did you mean 'Iic_SendHandler'?
     (XIic_Handler) Iic_ReceiveHandler);
                    ^~~~~~~~~~~~~~~~~~
                    Iic_SendHandler
../src/iic_driver/iic_driver.c:103:28: error: 'Iic_StatusHandler' undeclared (first use in this function); did you mean 'XIic_StatusHandler'?
       (XIic_StatusHandler) Iic_StatusHandler);
                            ^~~~~~~~~~~~~~~~~
                            XIic_StatusHandler
make: *** [src/iic_driver/iic_driver.o] ´íÎó 1
17:38:20 **** Auto Build of configuration Debug for project iic_test ****
make pre-build main-build 
a9-linaro-pre-build-step
 
Building file: ../src/iic_driver/iic_driver.c
Invoking: ARM v7 gcc compiler
arm-none-eabi-gcc -Wall -O0 -g3 -c -fmessage-length=0 -MT"src/iic_driver/iic_driver.o" -mcpu=cortex-a9 -mfpu=vfpv3 -mfloat-abi=hard -I../../standalone_bsp_0/ps7_cortexa9_0/include -MMD -MP -MF"src/iic_driver/iic_driver.d" -MT"src/iic_driver/iic_driver.o" -o "src/iic_driver/iic_driver.o" "../src/iic_driver/iic_driver.c"
../src/iic_driver/iic_driver.c:33:86: error: unknown type name 'XIntc'; did you mean 'XIic'?
 int IicInit(XIic *IicInstancePtr, u16 Iic_Dev_Id, u8 Iic_Intc_Id, int Slave_Address, XIntc *IntcInstancePtr) {
                                                                                      ^~~~~
                                                                                      XIic
../src/iic_driver/iic_driver.c:76:63: error: unknown type name 'XIntc'; did you mean 'XIic'?
 int iic_setup_interrupt(XIic *IicInstancePtr, u8 Iic_Intc_Id, XIntc *IntcInstancePtr) {
                                                               ^~~~~
                                                               XIic
make: *** [src/iic_driver/iic_driver.o] ´íÎó 1
17:38:27 **** Auto Build of configuration Debug for project iic_test ****
make pre-build main-build 
a9-linaro-pre-build-step
 
Building file: ../src/iic_driver/iic_driver.c
Invoking: ARM v7 gcc compiler
arm-none-eabi-gcc -Wall -O0 -g3 -c -fmessage-length=0 -MT"src/iic_driver/iic_driver.o" -mcpu=cortex-a9 -mfpu=vfpv3 -mfloat-abi=hard -I../../standalone_bsp_0/ps7_cortexa9_0/include -MMD -MP -MF"src/iic_driver/iic_driver.d" -MT"src/iic_driver/iic_driver.o" -o "src/iic_driver/iic_driver.o" "../src/iic_driver/iic_driver.c"
../src/iic_driver/iic_driver.c:33:86: error: unknown type name 'XIntc'; did you mean 'XIic'?
 int IicInit(XIic *IicInstancePtr, u16 Iic_Dev_Id, u8 Iic_Intc_Id, int Slave_Address, XIntc *IntcInstancePtr) {
                                                                                      ^~~~~
                                                                                      XIic
../src/iic_driver/iic_driver.c:76:63: error: unknown type name 'XIntc'; did you mean 'XIic'?
 int iic_setup_interrupt(XIic *IicInstancePtr, u8 Iic_Intc_Id, XIntc *IntcInstancePtr) {
                                                               ^~~~~
                                                               XIic
make: *** [src/iic_driver/iic_driver.o] ´íÎó 1
17:38:57 **** Auto Build of configuration Debug for project iic_test ****
make pre-build main-build 
a9-linaro-pre-build-step
 
Building file: ../src/iic_driver/iic_driver.c
Invoking: ARM v7 gcc compiler
arm-none-eabi-gcc -Wall -O0 -g3 -c -fmessage-length=0 -MT"src/iic_driver/iic_driver.o" -mcpu=cortex-a9 -mfpu=vfpv3 -mfloat-abi=hard -I../../standalone_bsp_0/ps7_cortexa9_0/include -MMD -MP -MF"src/iic_driver/iic_driver.d" -MT"src/iic_driver/iic_driver.o" -o "src/iic_driver/iic_driver.o" "../src/iic_driver/iic_driver.c"
../src/iic_driver/iic_driver.c: In function 'IicInit':
../src/iic_driver/iic_driver.c:53:11: warning: implicit declaration of function 'iic_setup_interrupt' [-Wimplicit-function-declaration]
  Status = iic_setup_interrupt(IicInstancePtr, Iic_Intc_Id, IntcInstancePtr);
           ^~~~~~~~~~~~~~~~~~~
../src/iic_driver/iic_driver.c: At top level:
../src/iic_driver/iic_driver.c:76:5: error: conflicting types for 'iic_setup_interrupt'
 int iic_setup_interrupt(XIic *IicInstancePtr, u8 Iic_Intc_Id, INTC *IntcInstancePtr) {
     ^~~~~~~~~~~~~~~~~~~
../src/iic_driver/iic_driver.c:76:1: note: an argument type that has a default promotion can't match an empty parameter name list declaration
 int iic_setup_interrupt(XIic *IicInstancePtr, u8 Iic_Intc_Id, INTC *IntcInstancePtr) {
 ^~~
../src/iic_driver/iic_driver.c:53:11: note: previous implicit declaration of 'iic_setup_interrupt' was here
  Status = iic_setup_interrupt(IicInstancePtr, Iic_Intc_Id, IntcInstancePtr);
           ^~~~~~~~~~~~~~~~~~~
../src/iic_driver/iic_driver.c: In function 'iic_setup_interrupt':
../src/iic_driver/iic_driver.c:84:11: warning: implicit declaration of function 'XIntc_Connect'; did you mean 'XScuGic_Connect'? [-Wimplicit-function-declaration]
  Status = XIntc_Connect(IntcInstancePtr, Iic_Intc_Id,
           ^~~~~~~~~~~~~
           XScuGic_Connect
../src/iic_driver/iic_driver.c:94:2: warning: implicit declaration of function 'XIntc_Enable'; did you mean 'XScuGic_Enable'? [-Wimplicit-function-declaration]
  XIntc_Enable(IntcInstancePtr, Iic_Intc_Id);
  ^~~~~~~~~~~~
  XScuGic_Enable
../src/iic_driver/iic_driver.c:100:20: error: 'Iic_SendHandler' undeclared (first use in this function); did you mean 'XIic_SetSendHandler'?
     (XIic_Handler) Iic_SendHandler);
                    ^~~~~~~~~~~~~~~
                    XIic_SetSendHandler
../src/iic_driver/iic_driver.c:100:20: note: each undeclared identifier is reported only once for each function it appears in
../src/iic_driver/iic_driver.c:102:20: error: 'Iic_ReceiveHandler' undeclared (first use in this function); did you mean 'Iic_SendHandler'?
     (XIic_Handler) Iic_ReceiveHandler);
                    ^~~~~~~~~~~~~~~~~~
                    Iic_SendHandler
../src/iic_driver/iic_driver.c:104:28: error: 'Iic_StatusHandler' undeclared (first use in this function); did you mean 'XIic_StatusHandler'?
       (XIic_StatusHandler) Iic_StatusHandler);
                            ^~~~~~~~~~~~~~~~~
                            XIic_StatusHandler
make: *** [src/iic_driver/iic_driver.o] ´íÎó 1
17:39:42 **** Auto Build of configuration Debug for project iic_test ****
make pre-build main-build 
a9-linaro-pre-build-step
 
Building file: ../src/iic_driver/iic_driver.c
Invoking: ARM v7 gcc compiler
arm-none-eabi-gcc -Wall -O0 -g3 -c -fmessage-length=0 -MT"src/iic_driver/iic_driver.o" -mcpu=cortex-a9 -mfpu=vfpv3 -mfloat-abi=hard -I../../standalone_bsp_0/ps7_cortexa9_0/include -MMD -MP -MF"src/iic_driver/iic_driver.d" -MT"src/iic_driver/iic_driver.o" -o "src/iic_driver/iic_driver.o" "../src/iic_driver/iic_driver.c"
../src/iic_driver/iic_driver.c: In function 'IicInit':
../src/iic_driver/iic_driver.c:53:11: warning: implicit declaration of function 'iic_setup_interrupt' [-Wimplicit-function-declaration]
  Status = iic_setup_interrupt(IicInstancePtr, Iic_Intc_Id, IntcInstancePtr);
           ^~~~~~~~~~~~~~~~~~~
../src/iic_driver/iic_driver.c: At top level:
../src/iic_driver/iic_driver.c:76:5: error: conflicting types for 'iic_setup_interrupt'
 int iic_setup_interrupt(XIic *IicInstancePtr, u8 Iic_Intc_Id, INTC *IntcInstancePtr) {
     ^~~~~~~~~~~~~~~~~~~
../src/iic_driver/iic_driver.c:76:1: note: an argument type that has a default promotion can't match an empty parameter name list declaration
 int iic_setup_interrupt(XIic *IicInstancePtr, u8 Iic_Intc_Id, INTC *IntcInstancePtr) {
 ^~~
../src/iic_driver/iic_driver.c:53:11: note: previous implicit declaration of 'iic_setup_interrupt' was here
  Status = iic_setup_interrupt(IicInstancePtr, Iic_Intc_Id, IntcInstancePtr);
           ^~~~~~~~~~~~~~~~~~~
../src/iic_driver/iic_driver.c: In function 'iic_setup_interrupt':
../src/iic_driver/iic_driver.c:77:6: warning: unused variable 'Status' [-Wunused-variable]
  int Status;
      ^~~~~~
make: *** [src/iic_driver/iic_driver.o] ´íÎó 1
17:41:55 **** Auto Build of configuration Debug for project iic_test ****
make pre-build main-build 
a9-linaro-pre-build-step
 
Building file: ../src/iic_driver/iic_driver.c
Invoking: ARM v7 gcc compiler
arm-none-eabi-gcc -Wall -O0 -g3 -c -fmessage-length=0 -MT"src/iic_driver/iic_driver.o" -mcpu=cortex-a9 -mfpu=vfpv3 -mfloat-abi=hard -I../../standalone_bsp_0/ps7_cortexa9_0/include -MMD -MP -MF"src/iic_driver/iic_driver.d" -MT"src/iic_driver/iic_driver.o" -o "src/iic_driver/iic_driver.o" "../src/iic_driver/iic_driver.c"
../src/iic_driver/iic_driver.c: In function 'IicInit':
../src/iic_driver/iic_driver.c:53:11: warning: implicit declaration of function 'iic_setup_interrupt' [-Wimplicit-function-declaration]
  Status = iic_setup_interrupt(IicInstancePtr, Iic_Intc_Id, IntcInstancePtr);
           ^~~~~~~~~~~~~~~~~~~
../src/iic_driver/iic_driver.c: At top level:
../src/iic_driver/iic_driver.c:76:5: error: conflicting types for 'iic_setup_interrupt'
 int iic_setup_interrupt(XIic *IicInstancePtr, u8 Iic_Intc_Id, INTC *IntcInstancePtr) {
     ^~~~~~~~~~~~~~~~~~~
../src/iic_driver/iic_driver.c:76:1: note: an argument type that has a default promotion can't match an empty parameter name list declaration
 int iic_setup_interrupt(XIic *IicInstancePtr, u8 Iic_Intc_Id, INTC *IntcInstancePtr) {
 ^~~
../src/iic_driver/iic_driver.c:53:11: note: previous implicit declaration of 'iic_setup_interrupt' was here
  Status = iic_setup_interrupt(IicInstancePtr, Iic_Intc_Id, IntcInstancePtr);
           ^~~~~~~~~~~~~~~~~~~
../src/iic_driver/iic_driver.c: In function 'iic_setup_interrupt':
../src/iic_driver/iic_driver.c:77:6: warning: variable 'Status' set but not used [-Wunused-but-set-variable]
  int Status;
      ^~~~~~
make: *** [src/iic_driver/iic_driver.o] ´íÎó 1
17:42:08 **** Auto Build of configuration Debug for project iic_test ****
make pre-build main-build 
a9-linaro-pre-build-step
 
Building file: ../src/iic_driver/iic_driver.c
Invoking: ARM v7 gcc compiler
arm-none-eabi-gcc -Wall -O0 -g3 -c -fmessage-length=0 -MT"src/iic_driver/iic_driver.o" -mcpu=cortex-a9 -mfpu=vfpv3 -mfloat-abi=hard -I../../standalone_bsp_0/ps7_cortexa9_0/include -MMD -MP -MF"src/iic_driver/iic_driver.d" -MT"src/iic_driver/iic_driver.o" -o "src/iic_driver/iic_driver.o" "../src/iic_driver/iic_driver.c"
../src/iic_driver/iic_driver.c: In function 'IicInit':
../src/iic_driver/iic_driver.c:53:11: warning: implicit declaration of function 'iic_setup_interrupt' [-Wimplicit-function-declaration]
  Status = iic_setup_interrupt(IicInstancePtr, Iic_Intc_Id, IntcInstancePtr);
           ^~~~~~~~~~~~~~~~~~~
../src/iic_driver/iic_driver.c: At top level:
../src/iic_driver/iic_driver.c:76:5: error: conflicting types for 'iic_setup_interrupt'
 int iic_setup_interrupt(XIic *IicInstancePtr, u8 Iic_Intc_Id, INTC *IntcInstancePtr) {
     ^~~~~~~~~~~~~~~~~~~
../src/iic_driver/iic_driver.c:76:1: note: an argument type that has a default promotion can't match an empty parameter name list declaration
 int iic_setup_interrupt(XIic *IicInstancePtr, u8 Iic_Intc_Id, INTC *IntcInstancePtr) {
 ^~~
../src/iic_driver/iic_driver.c:53:11: note: previous implicit declaration of 'iic_setup_interrupt' was here
  Status = iic_setup_interrupt(IicInstancePtr, Iic_Intc_Id, IntcInstancePtr);
           ^~~~~~~~~~~~~~~~~~~
make: *** [src/iic_driver/iic_driver.o] ´íÎó 1
17:42:37 **** Auto Build of configuration Debug for project iic_test ****
make pre-build main-build 
a9-linaro-pre-build-step
 
Building file: ../src/iic_driver/iic_driver.c
Invoking: ARM v7 gcc compiler
arm-none-eabi-gcc -Wall -O0 -g3 -c -fmessage-length=0 -MT"src/iic_driver/iic_driver.o" -mcpu=cortex-a9 -mfpu=vfpv3 -mfloat-abi=hard -I../../standalone_bsp_0/ps7_cortexa9_0/include -MMD -MP -MF"src/iic_driver/iic_driver.d" -MT"src/iic_driver/iic_driver.o" -o "src/iic_driver/iic_driver.o" "../src/iic_driver/iic_driver.c"
../src/iic_driver/iic_driver.c: In function 'IicInit':
../src/iic_driver/iic_driver.c:53:11: warning: implicit declaration of function 'iic_setup_interrupt' [-Wimplicit-function-declaration]
  Status = iic_setup_interrupt(IicInstancePtr, Iic_Intc_Id, IntcInstancePtr);
           ^~~~~~~~~~~~~~~~~~~
../src/iic_driver/iic_driver.c: At top level:
../src/iic_driver/iic_driver.c:76:5: error: conflicting types for 'iic_setup_interrupt'
 int iic_setup_interrupt(XIic *IicInstancePtr, u8 Iic_Intc_Id, INTC *IntcInstancePtr) {
     ^~~~~~~~~~~~~~~~~~~
../src/iic_driver/iic_driver.c:76:1: note: an argument type that has a default promotion can't match an empty parameter name list declaration
 int iic_setup_interrupt(XIic *IicInstancePtr, u8 Iic_Intc_Id, INTC *IntcInstancePtr) {
 ^~~
../src/iic_driver/iic_driver.c:53:11: note: previous implicit declaration of 'iic_setup_interrupt' was here
  Status = iic_setup_interrupt(IicInstancePtr, Iic_Intc_Id, IntcInstancePtr);
           ^~~~~~~~~~~~~~~~~~~
make: *** [src/iic_driver/iic_driver.o] ´íÎó 1
17:43:26 **** Auto Build of configuration Debug for project iic_test ****
make pre-build main-build 
a9-linaro-pre-build-step
 
Building file: ../src/iic_driver/iic_driver.c
Invoking: ARM v7 gcc compiler
arm-none-eabi-gcc -Wall -O0 -g3 -c -fmessage-length=0 -MT"src/iic_driver/iic_driver.o" -mcpu=cortex-a9 -mfpu=vfpv3 -mfloat-abi=hard -I../../standalone_bsp_0/ps7_cortexa9_0/include -MMD -MP -MF"src/iic_driver/iic_driver.d" -MT"src/iic_driver/iic_driver.o" -o "src/iic_driver/iic_driver.o" "../src/iic_driver/iic_driver.c"
../src/iic_driver/iic_driver.c: In function 'IicInit':
../src/iic_driver/iic_driver.c:53:11: warning: implicit declaration of function 'iic_setup_interrupt' [-Wimplicit-function-declaration]
  Status = iic_setup_interrupt(IicInstancePtr, Iic_Intc_Id, IntcInstancePtr);
           ^~~~~~~~~~~~~~~~~~~
../src/iic_driver/iic_driver.c: At top level:
../src/iic_driver/iic_driver.c:76:5: error: conflicting types for 'iic_setup_interrupt'
 int iic_setup_interrupt(XIic *IicInstancePtr, u8 Iic_Intc_Id, INTC *IntcInstancePtr) {
     ^~~~~~~~~~~~~~~~~~~
../src/iic_driver/iic_driver.c:76:1: note: an argument type that has a default promotion can't match an empty parameter name list declaration
 int iic_setup_interrupt(XIic *IicInstancePtr, u8 Iic_Intc_Id, INTC *IntcInstancePtr) {
 ^~~
[...]
"Compiling devcfg"
"Running Make libs in ps7_cortexa9_0/libsrc/dmaps_v2_3/src"
make -C ps7_cortexa9_0/libsrc/dmaps_v2_3/src -s libs  "SHELL=CMD" "COMPILER=arm-none-eabi-gcc" "ARCHIVER=arm-none-eabi-ar" "COMPILER_FLAGS=  -O2 -c" "EXTRA_COMPILER_FLAGS=-mcpu=cortex-a9 -mfpu=vfpv3 -mfloat-abi=hard -nostartfiles -g -Wall -Wextra"
"Compiling dmaps"
"Running Make libs in ps7_cortexa9_0/libsrc/emacps_v3_7/src"
make -C ps7_cortexa9_0/libsrc/emacps_v3_7/src -s libs  "SHELL=CMD" "COMPILER=arm-none-eabi-gcc" "ARCHIVER=arm-none-eabi-ar" "COMPILER_FLAGS=  -O2 -c" "EXTRA_COMPILER_FLAGS=-mcpu=cortex-a9 -mfpu=vfpv3 -mfloat-abi=hard -nostartfiles -g -Wall -Wextra"
"Compiling emacps"
"Running Make libs in ps7_cortexa9_0/libsrc/gpiops_v3_3/src"
make -C ps7_cortexa9_0/libsrc/gpiops_v3_3/src -s libs  "SHELL=CMD" "COMPILER=arm-none-eabi-gcc" "ARCHIVER=arm-none-eabi-ar" "COMPILER_FLAGS=  -O2 -c" "EXTRA_COMPILER_FLAGS=-mcpu=cortex-a9 -mfpu=vfpv3 -mfloat-abi=hard -nostartfiles -g -Wall -Wextra"
"Compiling gpiops"
"Running Make libs in ps7_cortexa9_0/libsrc/iic_v3_4/src"
make -C ps7_cortexa9_0/libsrc/iic_v3_4/src -s libs  "SHELL=CMD" "COMPILER=arm-none-eabi-gcc" "ARCHIVER=arm-none-eabi-ar" "COMPILER_FLAGS=  -O2 -c" "EXTRA_COMPILER_FLAGS=-mcpu=cortex-a9 -mfpu=vfpv3 -mfloat-abi=hard -nostartfiles -g -Wall -Wextra"
"Compiling iic"
"Running Make libs in ps7_cortexa9_0/libsrc/iicps_v3_7/src"
make -C ps7_cortexa9_0/libsrc/iicps_v3_7/src -s libs  "SHELL=CMD" "COMPILER=arm-none-eabi-gcc" "ARCHIVER=arm-none-eabi-ar" "COMPILER_FLAGS=  -O2 -c" "EXTRA_COMPILER_FLAGS=-mcpu=cortex-a9 -mfpu=vfpv3 -mfloat-abi=hard -nostartfiles -g -Wall -Wextra"
"Compiling iicps"
"Running Make libs in ps7_cortexa9_0/libsrc/qspips_v3_4/src"
make -C ps7_cortexa9_0/libsrc/qspips_v3_4/src -s libs  "SHELL=CMD" "COMPILER=arm-none-eabi-gcc" "ARCHIVER=arm-none-eabi-ar" "COMPILER_FLAGS=  -O2 -c" "EXTRA_COMPILER_FLAGS=-mcpu=cortex-a9 -mfpu=vfpv3 -mfloat-abi=hard -nostartfiles -g -Wall -Wextra"
"Compiling qspips"
"Running Make libs in ps7_cortexa9_0/libsrc/scugic_v3_9/src"
make -C ps7_cortexa9_0/libsrc/scugic_v3_9/src -s libs  "SHELL=CMD" "COMPILER=arm-none-eabi-gcc" "ARCHIVER=arm-none-eabi-ar" "COMPILER_FLAGS=  -O2 -c" "EXTRA_COMPILER_FLAGS=-mcpu=cortex-a9 -mfpu=vfpv3 -mfloat-abi=hard -nostartfiles -g -Wall -Wextra"
"Compiling scugic"
"Running Make libs in ps7_cortexa9_0/libsrc/scutimer_v2_1/src"
make -C ps7_cortexa9_0/libsrc/scutimer_v2_1/src -s libs  "SHELL=CMD" "COMPILER=arm-none-eabi-gcc" "ARCHIVER=arm-none-eabi-ar" "COMPILER_FLAGS=  -O2 -c" "EXTRA_COMPILER_FLAGS=-mcpu=cortex-a9 -mfpu=vfpv3 -mfloat-abi=hard -nostartfiles -g -Wall -Wextra"
"Compiling scutimer"
"Running Make libs in ps7_cortexa9_0/libsrc/scuwdt_v2_1/src"
make -C ps7_cortexa9_0/libsrc/scuwdt_v2_1/src -s libs  "SHELL=CMD" "COMPILER=arm-none-eabi-gcc" "ARCHIVER=arm-none-eabi-ar" "COMPILER_FLAGS=  -O2 -c" "EXTRA_COMPILER_FLAGS=-mcpu=cortex-a9 -mfpu=vfpv3 -mfloat-abi=hard -nostartfiles -g -Wall -Wextra"
"Compiling scuwdt"
"Running Make libs in ps7_cortexa9_0/libsrc/sdps_v3_5/src"
make -C ps7_cortexa9_0/libsrc/sdps_v3_5/src -s libs  "SHELL=CMD" "COMPILER=arm-none-eabi-gcc" "ARCHIVER=arm-none-eabi-ar" "COMPILER_FLAGS=  -O2 -c" "EXTRA_COMPILER_FLAGS=-mcpu=cortex-a9 -mfpu=vfpv3 -mfloat-abi=hard -nostartfiles -g -Wall -Wextra"
"Compiling sdps"
"Running Make libs in ps7_cortexa9_0/libsrc/servo_v1_0/src"
make -C ps7_cortexa9_0/libsrc/servo_v1_0/src -s libs  "SHELL=CMD" "COMPILER=arm-none-eabi-gcc" "ARCHIVER=arm-none-eabi-ar" "COMPILER_FLAGS=  -O2 -c" "EXTRA_COMPILER_FLAGS=-mcpu=cortex-a9 -mfpu=vfpv3 -mfloat-abi=hard -nostartfiles -g -Wall -Wextra"
"Compiling servo..."
servo.c: In function 'XServo_CfgInitialize':
servo.c:32:64: warning: unused parameter 'Config' [-Wunused-parameter]
 int XServo_CfgInitialize(XServo * InstancePtr, XServo_Config * Config,
                                                                ^~~~~~
servo_selftest.c: In function 'SERVO_Reg_SelfTest':
servo_selftest.c:52:54: warning: comparison between signed and unsigned integer expressions [-Wsign-compare]
    if ( SERVO_mReadReg (baseaddr, read_loop_index*4) != (read_loop_index+1)*READ_WRITE_MUL_FACTOR){
                                                      ^~
servo_selftest.c:36:6: warning: unused variable 'Index' [-Wunused-variable]
  int Index;
      ^~~~~
"Running Make libs in ps7_cortexa9_0/libsrc/standalone_v6_7/src"
make -C ps7_cortexa9_0/libsrc/standalone_v6_7/src -s libs  "SHELL=CMD" "COMPILER=arm-none-eabi-gcc" "ARCHIVER=arm-none-eabi-ar" "COMPILER_FLAGS=  -O2 -c" "EXTRA_COMPILER_FLAGS=-mcpu=cortex-a9 -mfpu=vfpv3 -mfloat-abi=hard -nostartfiles -g -Wall -Wextra"
"Compiling standalone"
"Running Make libs in ps7_cortexa9_0/libsrc/uartlite_v3_2/src"
make -C ps7_cortexa9_0/libsrc/uartlite_v3_2/src -s libs  "SHELL=CMD" "COMPILER=arm-none-eabi-gcc" "ARCHIVER=arm-none-eabi-ar" "COMPILER_FLAGS=  -O2 -c" "EXTRA_COMPILER_FLAGS=-mcpu=cortex-a9 -mfpu=vfpv3 -mfloat-abi=hard -nostartfiles -g -Wall -Wextra"
"Compiling uartlite"
"Running Make libs in ps7_cortexa9_0/libsrc/uartps_v3_6/src"
make -C ps7_cortexa9_0/libsrc/uartps_v3_6/src -s libs  "SHELL=CMD" "COMPILER=arm-none-eabi-gcc" "ARCHIVER=arm-none-eabi-ar" "COMPILER_FLAGS=  -O2 -c" "EXTRA_COMPILER_FLAGS=-mcpu=cortex-a9 -mfpu=vfpv3 -mfloat-abi=hard -nostartfiles -g -Wall -Wextra"
"Compiling uartps"
"Running Make libs in ps7_cortexa9_0/libsrc/usbps_v2_4/src"
make -C ps7_cortexa9_0/libsrc/usbps_v2_4/src -s libs  "SHELL=CMD" "COMPILER=arm-none-eabi-gcc" "ARCHIVER=arm-none-eabi-ar" "COMPILER_FLAGS=  -O2 -c" "EXTRA_COMPILER_FLAGS=-mcpu=cortex-a9 -mfpu=vfpv3 -mfloat-abi=hard -nostartfiles -g -Wall -Wextra"
"Compiling usbps"
"Running Make libs in ps7_cortexa9_0/libsrc/xadcps_v2_2/src"
make -C ps7_cortexa9_0/libsrc/xadcps_v2_2/src -s libs  "SHELL=CMD" "COMPILER=arm-none-eabi-gcc" "ARCHIVER=arm-none-eabi-ar" "COMPILER_FLAGS=  -O2 -c" "EXTRA_COMPILER_FLAGS=-mcpu=cortex-a9 -mfpu=vfpv3 -mfloat-abi=hard -nostartfiles -g -Wall -Wextra"
"Compiling xadcps"
'Finished building libraries'
14:26:59 **** Build of configuration Debug for project iic_test ****
make pre-build main-build 
a9-linaro-pre-build-step
 
Building file: ../src/timer_driver/timer_driver.c
Invoking: ARM v7 gcc compiler
arm-none-eabi-gcc -Wall -O0 -g3 -c -fmessage-length=0 -MT"src/timer_driver/timer_driver.o" -mcpu=cortex-a9 -mfpu=vfpv3 -mfloat-abi=hard -I../../standalone_bsp_0/ps7_cortexa9_0/include -MMD -MP -MF"src/timer_driver/timer_driver.d" -MT"src/timer_driver/timer_driver.o" -o "src/timer_driver/timer_driver.o" "../src/timer_driver/timer_driver.c"
../src/timer_driver/timer_driver.c: In function 'InitTimer':
../src/timer_driver/timer_driver.c:25:6: warning: unused variable 'LastTimerExpired' [-Wunused-variable]
  int LastTimerExpired = 0;
      ^~~~~~~~~~~~~~~~
Finished building: ../src/timer_driver/timer_driver.c
 
Building file: ../src/mpu6500/AHRS_Hardware.c
Invoking: ARM v7 gcc compiler
arm-none-eabi-gcc -Wall -O0 -g3 -c -fmessage-length=0 -MT"src/mpu6500/AHRS_Hardware.o" -mcpu=cortex-a9 -mfpu=vfpv3 -mfloat-abi=hard -I../../standalone_bsp_0/ps7_cortexa9_0/include -MMD -MP -MF"src/mpu6500/AHRS_Hardware.d" -MT"src/mpu6500/AHRS_Hardware.o" -o "src/mpu6500/AHRS_Hardware.o" "../src/mpu6500/AHRS_Hardware.c"
Finished building: ../src/mpu6500/AHRS_Hardware.c
 
Building file: ../src/mpu6500/MahonyAHRS.c
Invoking: ARM v7 gcc compiler
arm-none-eabi-gcc -Wall -O0 -g3 -c -fmessage-length=0 -MT"src/mpu6500/MahonyAHRS.o" -mcpu=cortex-a9 -mfpu=vfpv3 -mfloat-abi=hard -I../../standalone_bsp_0/ps7_cortexa9_0/include -MMD -MP -MF"src/mpu6500/MahonyAHRS.d" -MT"src/mpu6500/MahonyAHRS.o" -o "src/mpu6500/MahonyAHRS.o" "../src/mpu6500/MahonyAHRS.c"
Finished building: ../src/mpu6500/MahonyAHRS.c
 
Building file: ../src/mpu6500/mpu6500.c
Invoking: ARM v7 gcc compiler
arm-none-eabi-gcc -Wall -O0 -g3 -c -fmessage-length=0 -MT"src/mpu6500/mpu6500.o" -mcpu=cortex-a9 -mfpu=vfpv3 -mfloat-abi=hard -I../../standalone_bsp_0/ps7_cortexa9_0/include -MMD -MP -MF"src/mpu6500/mpu6500.d" -MT"src/mpu6500/mpu6500.o" -o "src/mpu6500/mpu6500.o" "../src/mpu6500/mpu6500.c"
Finished building: ../src/mpu6500/mpu6500.c
 
Building file: ../src/iic_driver/iic_driver.c
Invoking: ARM v7 gcc compiler
arm-none-eabi-gcc -Wall -O0 -g3 -c -fmessage-length=0 -MT"src/iic_driver/iic_driver.o" -mcpu=cortex-a9 -mfpu=vfpv3 -mfloat-abi=hard -I../../standalone_bsp_0/ps7_cortexa9_0/include -MMD -MP -MF"src/iic_driver/iic_driver.d" -MT"src/iic_driver/iic_driver.o" -o "src/iic_driver/iic_driver.o" "../src/iic_driver/iic_driver.c"
Finished building: ../src/iic_driver/iic_driver.c
 
Building file: ../src/flag.c
Invoking: ARM v7 gcc compiler
arm-none-eabi-gcc -Wall -O0 -g3 -c -fmessage-length=0 -MT"src/flag.o" -mcpu=cortex-a9 -mfpu=vfpv3 -mfloat-abi=hard -I../../standalone_bsp_0/ps7_cortexa9_0/include -MMD -MP -MF"src/flag.d" -MT"src/flag.o" -o "src/flag.o" "../src/flag.c"
Finished building: ../src/flag.c
 
Building file: ../src/helloworld.c
Invoking: ARM v7 gcc compiler
arm-none-eabi-gcc -Wall -O0 -g3 -c -fmessage-length=0 -MT"src/helloworld.o" -mcpu=cortex-a9 -mfpu=vfpv3 -mfloat-abi=hard -I../../standalone_bsp_0/ps7_cortexa9_0/include -MMD -MP -MF"src/helloworld.d" -MT"src/helloworld.o" -o "src/helloworld.o" "../src/helloworld.c"
In file included from ../src/helloworld.c:60:0:
../src/timer_driver/timer_driver.h:18:12: warning: 'TimerSetupIntrSystem' declared 'static' but never defined [-Wunused-function]
 static int TimerSetupIntrSystem(XScuGic *IntcInstancePtr,
            ^~~~~~~~~~~~~~~~~~~~
../src/timer_driver/timer_driver.h:21:13: warning: 'TimerIntrHandler' declared 'static' but never defined [-Wunused-function]
 static void TimerIntrHandler(void *CallBackRef);
             ^~~~~~~~~~~~~~~~
Finished building: ../src/helloworld.c
 
Building file: ../src/platform.c
Invoking: ARM v7 gcc compiler
arm-none-eabi-gcc -Wall -O0 -g3 -c -fmessage-length=0 -MT"src/platform.o" -mcpu=cortex-a9 -mfpu=vfpv3 -mfloat-abi=hard -I../../standalone_bsp_0/ps7_cortexa9_0/include -MMD -MP -MF"src/platform.d" -MT"src/platform.o" -o "src/platform.o" "../src/platform.c"
Finished building: ../src/platform.c
 
Building file: ../src/task.c
Invoking: ARM v7 gcc compiler
arm-none-eabi-gcc -Wall -O0 -g3 -c -fmessage-length=0 -MT"src/task.o" -mcpu=cortex-a9 -mfpu=vfpv3 -mfloat-abi=hard -I../../standalone_bsp_0/ps7_cortexa9_0/include -MMD -MP -MF"src/task.d" -MT"src/task.o" -o "src/task.o" "../src/task.c"
Finished building: ../src/task.c
 
Building target: iic_test.elf
Invoking: ARM v7 gcc linker
arm-none-eabi-gcc -mcpu=cortex-a9 -mfpu=vfpv3 -mfloat-abi=hard -Wl,-build-id=none -specs=Xilinx.spec -Wl,-T -Wl,../src/lscript.ld -L../../standalone_bsp_0/ps7_cortexa9_0/lib -o "iic_test.elf"  ./src/timer_driver/timer_driver.o  ./src/mpu6500/AHRS_Hardware.o ./src/mpu6500/MahonyAHRS.o ./src/mpu6500/mpu6500.o  ./src/iic_driver/iic_driver.o  ./src/flag.o ./src/helloworld.o ./src/platform.o ./src/task.o   -lm -Wl,--start-group,-lxil,-lgcc,-lc,--end-group
Finished building target: iic_test.elf
 
Invoking: ARM v7 Print Size
arm-none-eabi-size iic_test.elf  |tee "iic_test.elf.size"
   text	   data	    bss	    dec	    hex	filename
  52556	   3832	  23288	  79676	  1373c	iic_test.elf
Finished building: iic_test.elf.size
 
14:27:58 **** Auto Build of configuration Debug for project iic_test ****
make pre-build main-build 
a9-linaro-pre-build-step
 
Building file: ../src/helloworld.c
Invoking: ARM v7 gcc compiler
arm-none-eabi-gcc -Wall -O0 -g3 -c -fmessage-length=0 -MT"src/helloworld.o" -mcpu=cortex-a9 -mfpu=vfpv3 -mfloat-abi=hard -I../../standalone_bsp_0/ps7_cortexa9_0/include -MMD -MP -MF"src/helloworld.d" -MT"src/helloworld.o" -o "src/helloworld.o" "../src/helloworld.c"
../src/helloworld.c:80:1: error: unknown type name 'XUartLite'
 XUartLite UartCam;
 ^~~~~~~~~
In file included from ../src/helloworld.c:60:0:
../src/timer_driver/timer_driver.h:18:12: warning: 'TimerSetupIntrSystem' declared 'static' but never defined [-Wunused-function]
 static int TimerSetupIntrSystem(XScuGic *IntcInstancePtr,
            ^~~~~~~~~~~~~~~~~~~~
../src/timer_driver/timer_driver.h:21:13: warning: 'TimerIntrHandler' declared 'static' but never defined [-Wunused-function]
 static void TimerIntrHandler(void *CallBackRef);
             ^~~~~~~~~~~~~~~~
make: *** [src/helloworld.o] ´íÎó 1
14:28:25 **** Auto Build of configuration Debug for project iic_test ****
make pre-build main-build 
a9-linaro-pre-build-step
 
Building file: ../src/helloworld.c
Invoking: ARM v7 gcc compiler
arm-none-eabi-gcc -Wall -O0 -g3 -c -fmessage-length=0 -MT"src/helloworld.o" -mcpu=cortex-a9 -mfpu=vfpv3 -mfloat-abi=hard -I../../standalone_bsp_0/ps7_cortexa9_0/include -MMD -MP -MF"src/helloworld.d" -MT"src/helloworld.o" -o "src/helloworld.o" "../src/helloworld.c"
In file included from ../src/helloworld.c:61:0:
../src/timer_driver/timer_driver.h:18:12: warning: 'TimerSetupIntrSystem' declared 'static' but never defined [-Wunused-function]
 static int TimerSetupIntrSystem(XScuGic *IntcInstancePtr,
            ^~~~~~~~~~~~~~~~~~~~
../src/timer_driver/timer_driver.h:21:13: warning: 'TimerIntrHandler' declared 'static' but never defined [-Wunused-function]
 static void TimerIntrHandler(void *CallBackRef);
             ^~~~~~~~~~~~~~~~
Finished building: ../src/helloworld.c
 
Building target: iic_test.elf
Invoking: ARM v7 gcc linker
arm-none-eabi-gcc -mcpu=cortex-a9 -mfpu=vfpv3 -mfloat-abi=hard -Wl,-build-id=none -specs=Xilinx.spec -Wl,-T -Wl,../src/lscript.ld -L../../standalone_bsp_0/ps7_cortexa9_0/lib -o "iic_test.elf"  ./src/timer_driver/timer_driver.o  ./src/mpu6500/AHRS_Hardware.o ./src/mpu6500/MahonyAHRS.o ./src/mpu6500/mpu6500.o  ./src/iic_driver/iic_driver.o  ./src/flag.o ./src/helloworld.o ./src/platform.o ./src/task.o   -lm -Wl,--start-group,-lxil,-lgcc,-lc,--end-group
Finished building target: iic_test.elf
 
Invoking: ARM v7 Print Size
arm-none-eabi-size iic_test.elf  |tee "iic_test.elf.size"
   text	   data	    bss	    dec	    hex	filename
  52556	   3832	  23368	  79756	  1378c	iic_test.elf
Finished building: iic_test.elf.size
 
14:29:43 **** Clean-only build of configuration Debug for project ball_test ****
make clean 
rm -rf  ./src/timer_driver/timer_driver.o  ./src/mpu6500/AHRS_Hardware.o ./src/mpu6500/MahonyAHRS.o ./src/mpu6500/mpu6500.o  ./src/iic_driver/iic_driver.o  ./src/flag.o ./src/helloworld.o ./src/platform.o ./src/task.o  ./src/timer_driver/timer_driver.d  ./src/mpu6500/AHRS_Hardware.d ./src/mpu6500/MahonyAHRS.d ./src/mpu6500/mpu6500.d  ./src/iic_driver/iic_driver.d  ./src/flag.d ./src/helloworld.d ./src/platform.d ./src/task.d  iic_test.elf.size  iic_test.elf
 
14:29:44 **** Build of configuration Debug for project ball_test ****
make pre-build main-build 
a9-linaro-pre-build-step
 
Building file: ../src/timer_driver/timer_driver.c
Invoking: ARM v7 gcc compiler
arm-none-eabi-gcc -Wall -O0 -g3 -c -fmessage-length=0 -MT"src/timer_driver/timer_driver.o" -mcpu=cortex-a9 -mfpu=vfpv3 -mfloat-abi=hard -I../../standalone_bsp_0/ps7_cortexa9_0/include -MMD -MP -MF"src/timer_driver/timer_driver.d" -MT"src/timer_driver/timer_driver.o" -o "src/timer_driver/timer_driver.o" "../src/timer_driver/timer_driver.c"
../src/timer_driver/timer_driver.c: In function 'InitTimer':
../src/timer_driver/timer_driver.c:25:6: warning: unused variable 'LastTimerExpired' [-Wunused-variable]
  int LastTimerExpired = 0;
      ^~~~~~~~~~~~~~~~
Finished building: ../src/timer_driver/timer_driver.c
 
Building file: ../src/mpu6500/AHRS_Hardware.c
Invoking: ARM v7 gcc compiler
arm-none-eabi-gcc -Wall -O0 -g3 -c -fmessage-length=0 -MT"src/mpu6500/AHRS_Hardware.o" -mcpu=cortex-a9 -mfpu=vfpv3 -mfloat-abi=hard -I../../standalone_bsp_0/ps7_cortexa9_0/include -MMD -MP -MF"src/mpu6500/AHRS_Hardware.d" -MT"src/mpu6500/AHRS_Hardware.o" -o "src/mpu6500/AHRS_Hardware.o" "../src/mpu6500/AHRS_Hardware.c"
Finished building: ../src/mpu6500/AHRS_Hardware.c
 
Building file: ../src/mpu6500/MahonyAHRS.c
Invoking: ARM v7 gcc compiler
arm-none-eabi-gcc -Wall -O0 -g3 -c -fmessage-length=0 -MT"src/mpu6500/MahonyAHRS.o" -mcpu=cortex-a9 -mfpu=vfpv3 -mfloat-abi=hard -I../../standalone_bsp_0/ps7_cortexa9_0/include -MMD -MP -MF"src/mpu6500/MahonyAHRS.d" -MT"src/mpu6500/MahonyAHRS.o" -o "src/mpu6500/MahonyAHRS.o" "../src/mpu6500/MahonyAHRS.c"
Finished building: ../src/mpu6500/MahonyAHRS.c
 
Building file: ../src/mpu6500/mpu6500.c
Invoking: ARM v7 gcc compiler
arm-none-eabi-gcc -Wall -O0 -g3 -c -fmessage-length=0 -MT"src/mpu6500/mpu6500.o" -mcpu=cortex-a9 -mfpu=vfpv3 -mfloat-abi=hard -I../../standalone_bsp_0/ps7_cortexa9_0/include -MMD -MP -MF"src/mpu6500/mpu6500.d" -MT"src/mpu6500/mpu6500.o" -o "src/mpu6500/mpu6500.o" "../src/mpu6500/mpu6500.c"
Finished building: ../src/mpu6500/mpu6500.c
 
Building file: ../src/iic_driver/iic_driver.c
Invoking: ARM v7 gcc compiler
arm-none-eabi-gcc -Wall -O0 -g3 -c -fmessage-length=0 -MT"src/iic_driver/iic_driver.o" -mcpu=cortex-a9 -mfpu=vfpv3 -mfloat-abi=hard -I../../standalone_bsp_0/ps7_cortexa9_0/include -MMD -MP -MF"src/iic_driver/iic_driver.d" -MT"src/iic_driver/iic_driver.o" -o "src/iic_driver/iic_driver.o" "../src/iic_driver/iic_driver.c"
Finished building: ../src/iic_driver/iic_driver.c
 
Building file: ../src/flag.c
Invoking: ARM v7 gcc compiler
arm-none-eabi-gcc -Wall -O0 -g3 -c -fmessage-length=0 -MT"src/flag.o" -mcpu=cortex-a9 -mfpu=vfpv3 -mfloat-abi=hard -I../../standalone_bsp_0/ps7_cortexa9_0/include -MMD -MP -MF"src/flag.d" -MT"src/flag.o" -o "src/flag.o" "../src/flag.c"
Finished building: ../src/flag.c
 
Building file: ../src/helloworld.c
Invoking: ARM v7 gcc compiler
arm-none-eabi-gcc -Wall -O0 -g3 -c -fmessage-length=0 -MT"src/helloworld.o" -mcpu=cortex-a9 -mfpu=vfpv3 -mfloat-abi=hard -I../../standalone_bsp_0/ps7_cortexa9_0/include -MMD -MP -MF"src/helloworld.d" -MT"src/helloworld.o" -o "src/helloworld.o" "../src/helloworld.c"
In file included from ../src/helloworld.c:61:0:
../src/timer_driver/timer_driver.h:18:12: warning: 'TimerSetupIntrSystem' declared 'static' but never defined [-Wunused-function]
 static int TimerSetupIntrSystem(XScuGic *IntcInstancePtr,
            ^~~~~~~~~~~~~~~~~~~~
../src/timer_driver/timer_driver.h:21:13: warning: 'TimerIntrHandler' declared 'static' but never defined [-Wunused-function]
 static void TimerIntrHandler(void *CallBackRef);
             ^~~~~~~~~~~~~~~~
Finished building: ../src/helloworld.c
 
Building file: ../src/platform.c
Invoking: ARM v7 gcc compiler
arm-none-eabi-gcc -Wall -O0 -g3 -c -fmessage-length=0 -MT"src/platform.o" -mcpu=cortex-a9 -mfpu=vfpv3 -mfloat-abi=hard -I../../standalone_bsp_0/ps7_cortexa9_0/include -MMD -MP -MF"src/platform.d" -MT"src/platform.o" -o "src/platform.o" "../src/platform.c"
Finished building: ../src/platform.c
 
Building file: ../src/task.c
Invoking: ARM v7 gcc compiler
arm-none-eabi-gcc -Wall -O0 -g3 -c -fmessage-length=0 -MT"src/task.o" -mcpu=cortex-a9 -mfpu=vfpv3 -mfloat-abi=hard -I../../standalone_bsp_0/ps7_cortexa9_0/include -MMD -MP -MF"src/task.d" -MT"src/task.o" -o "src/task.o" "../src/task.c"
Finished building: ../src/task.c
 
Building target: ball_test.elf
Invoking: ARM v7 gcc linker
arm-none-eabi-gcc -mcpu=cortex-a9 -mfpu=vfpv3 -mfloat-abi=hard -Wl,-build-id=none -specs=Xilinx.spec -Wl,-T -Wl,../src/lscript.ld -L../../standalone_bsp_0/ps7_cortexa9_0/lib -o "ball_test.elf"  ./src/timer_driver/timer_driver.o  ./src/mpu6500/AHRS_Hardware.o ./src/mpu6500/MahonyAHRS.o ./src/mpu6500/mpu6500.o  ./src/iic_driver/iic_driver.o  ./src/flag.o ./src/helloworld.o ./src/platform.o ./src/task.o   -lm -Wl,--start-group,-lxil,-lgcc,-lc,--end-group
Finished building target: ball_test.elf
 
Invoking: ARM v7 Print Size
arm-none-eabi-size ball_test.elf  |tee "ball_test.elf.size"
   text	   data	    bss	    dec	    hex	filename
  52556	   3832	  23368	  79756	  1378c	ball_test.elf
Finished building: ball_test.elf.size
 
