#-----------------------------------------------------------
# Vivado v2018.2 (64-bit)
# SW Build 2258646 on Thu Jun 14 20:03:12 MDT 2018
# IP Build 2256618 on Thu Jun 14 22:10:49 MDT 2018
# Start of session at: Tue Dec 25 19:42:25 2018
# Process ID: 15708
# Current directory: C:/MyFiles/PYNQ_Ball_and_Plate_Sysyem/vivado_proj/ZYNQ_2
# Command line: vivado.exe -gui_launcher_event rodinguilauncherevent15572 C:\MyFiles\PYNQ_Ball_and_Plate_Sysyem\vivado_proj\ZYNQ_2\ball.xpr
# Log file: C:/MyFiles/PYNQ_Ball_and_Plate_Sysyem/vivado_proj/ZYNQ_2/vivado.log
# Journal file: C:/MyFiles/PYNQ_Ball_and_Plate_Sysyem/vivado_proj/ZYNQ_2\vivado.jou
#-----------------------------------------------------------
start_gui
open_project C:/MyFiles/PYNQ_Ball_and_Plate_Sysyem/vivado_proj/ZYNQ_2/ball.xpr
update_compile_order -fileset sources_1
open_bd_design {C:/MyFiles/PYNQ_Ball_and_Plate_Sysyem/vivado_proj/ZYNQ_2/ball.srcs/sources_1/bd/design_1/design_1.bd}
delete_bd_objs [get_bd_nets processing_system7_0_FCLK_CLK2] [get_bd_nets axi_gpio_cmos_gpio_io_o] [get_bd_cells CMOS_Capture_RGB565_0]
update_compile_order -fileset sources_1
update_ip_catalog -rebuild
delete_bd_objs [get_bd_nets proc_sys_reset_0_peripheral_reset] [get_bd_nets CMOS_Capture_RGB565_0_cmos_frame_de] [get_bd_nets CMOS_Capture_RGB565_0_cmos_frame_vsync] [get_bd_nets CMOS_Capture_RGB565_0_cmos_frame_href] [get_bd_nets CMOS_Capture_RGB565_0_cmos_frame_data] [get_bd_intf_nets v_vid_in_axi4s_0_vtiming_out] [get_bd_cells v_vid_in_axi4s_0]
delete_bd_objs [get_bd_nets CMOS_Capture_RGB565_0_cmos_xclk] [get_bd_nets cmos_pclk_0_1] [get_bd_nets cmos_vsync_0_1] [get_bd_nets cmos_href_0_1] [get_bd_nets cmos_data_0_1] [get_bd_cells ila_5]
